----------------
IN: 
0x00010000:  
OBJD-T: 4100c508

----------------
IN: 
0x00010004:  
OBJD-T: 01c02a005651071100001501816e0e0001c08f00

----------------
IN: 
0x000100ae:  
OBJD-T: 4100a502

----------------
IN: 
0x000100b2:  
OBJD-T: 6401194201001c510618261e0008

----------------
IN: 
0x000100be:  
OBJD-T: 0008150111000400

----------------
IN: 
0x000100c4:  
OBJD-T: 0400352ff20f970f001059208e018c08194201001c51361e46164130a502

----------------
IN: 
0x000100ce:  
OBJD-T: 59208e01

----------------
IN: 
0x000100d2:  
OBJD-T: 8c08194201001c51361e46164130a502

----------------
IN: 
0x000100de:  
OBJD-T: 4130a502

----------------
IN: 
0x00010012:  
OBJD-T: 0e0001c08f00565001402500

----------------
IN: 
0x00010250:  
OBJD-T: 41003519

----------------
IN: 
0x00010254:  
OBJD-T: 0008350200025610961a0400

----------------
IN: 
0x0001025e:  
OBJD-T: 0400352ff20f970f001059208e01871f0000950f5c7d0902810715011100b618
OBJD-T: 0008

----------------
IN: 
0x00010268:  
OBJD-T: 59208e01

----------------
IN: 
0x0001026c:  
OBJD-T: 871f0000950f5c7d0902810715011100b6180008

----------------
IN: 
0x0001027e:  
OBJD-T: 0008970f00103508000359208801592088015920880159208801b508100359a0
OBJD-T: 880135094003592089015920880159a088010610b501a00396600400

----------------
IN: 
0x00010288:  
OBJD-T: 59208801

----------------
IN: 
0x0001028c:  
OBJD-T: 592088015920880159208801b508100359a08801350940035920890159208801
OBJD-T: 59a088010610b501a00396600400

----------------
IN: 
0x0001028c:  
OBJD-T: 59208801

----------------
IN: 
0x00010290:  
OBJD-T: 5920880159208801b508100359a0880135094003592089015920880159a08801
OBJD-T: 0610b501a00396600400

----------------
IN: 
0x00010290:  
OBJD-T: 59208801

----------------
IN: 
0x00010294:  
OBJD-T: 59208801b508100359a0880135094003592089015920880159a088010610b501
OBJD-T: a00396600400

----------------
IN: 
0x00010294:  
OBJD-T: 59208801

----------------
IN: 
0x00010298:  
OBJD-T: b508100359a0880135094003592089015920880159a088010610b501a0039660
OBJD-T: 0400

----------------
IN: 
0x0001029c:  
OBJD-T: 59a08801

----------------
IN: 
0x000102a0:  
OBJD-T: 35094003592089015920880159a088010610b501a00396600400

----------------
IN: 
0x000102a4:  
OBJD-T: 59208901

----------------
IN: 
0x000102a8:  
OBJD-T: 5920880159a088010610b501a00396600400

----------------
IN: 
0x000102a8:  
OBJD-T: 59208801

----------------
IN: 
0x000102ac:  
OBJD-T: 59a088010610b501a00396600400

----------------
IN: 
0x000102ac:  
OBJD-T: 59a08801

----------------
IN: 
0x000102b0:  
OBJD-T: 0610b501a00396600400

----------------
IN: 
0x000102b8:  
OBJD-T: 040035aff10f970f001059208e01871f0000950f0c7e8901810715011100b660
OBJD-T: 01c0a603

----------------
IN: 
0x000102c2:  
OBJD-T: 59208e01

----------------
IN: 
0x000102c6:  
OBJD-T: 871f0000950f0c7e8901810715011100b66001c0a603

----------------
IN: 
0x000102d8:  
OBJD-T: 01c0a603d650965ac6126462

----------------
IN: 
0x00011172:  
OBJD-T: 4100a504

----------------
IN: 
0x00011176:  
OBJD-T: 01404000565001c03a00

----------------
IN: 
0x00011276:  
OBJD-T: 4100a502

----------------
IN: 
0x0001127a:  
OBJD-T: 0008150171004130a502

----------------
IN: 
0x00011280:  
OBJD-T: 4130a502

----------------
IN: 
0x0001117c:  
OBJD-T: 01c03a0056504130a504

----------------
IN: 
0x00011266:  
OBJD-T: 4100a502

----------------
IN: 
0x0001126a:  
OBJD-T: 000856ff050181074130a502

----------------
IN: 
0x00011272:  
OBJD-T: 4130a502

----------------
IN: 
0x00011182:  
OBJD-T: 4130a504

----------------
IN: 
0x000102e2:  
OBJD-T: 6462862096fb36c10008

----------------
IN: 
0x000102ea:  
OBJD-T: 0008b50100055610d6790400

----------------
IN: 
0x000102f4:  
OBJD-T: 040035aff10f970f001059208e01871f0000950f1c6e8901810715011100b678
OBJD-T: 0008

----------------
IN: 
0x000102fe:  
OBJD-T: 59208e01

----------------
IN: 
0x00010302:  
OBJD-T: 871f0000950f1c6e8901810715011100b6780008

----------------
IN: 
0x00010314:  
OBJD-T: 0008b501000256100400

----------------
IN: 
0x0001031c:  
OBJD-T: 040035aff10f970f001059208e01871f0000950f5c7d8901810715011100b658
OBJD-T: 0008

----------------
IN: 
0x00010326:  
OBJD-T: 59208e01

----------------
IN: 
0x0001032a:  
OBJD-T: 871f0000950f5c7d8901810715011100b6580008

----------------
IN: 
0x0001033c:  
OBJD-T: 0008970f00105920880159208801592088015920880159a08801592089015920
OBJD-T: 8801b509200359a089010610b501a0030400

----------------
IN: 
0x00010342:  
OBJD-T: 59208801

----------------
IN: 
0x00010346:  
OBJD-T: 59208801592088015920880159a088015920890159208801b509200359a08901
OBJD-T: 0610b501a0030400

----------------
IN: 
0x00010346:  
OBJD-T: 59208801

----------------
IN: 
0x0001034a:  
OBJD-T: 592088015920880159a088015920890159208801b509200359a089010610b501
OBJD-T: a0030400

----------------
IN: 
0x0001034a:  
OBJD-T: 59208801

----------------
IN: 
0x0001034e:  
OBJD-T: 5920880159a088015920890159208801b509200359a089010610b501a0030400

----------------
IN: 
0x0001034e:  
OBJD-T: 59208801

----------------
IN: 
0x00010352:  
OBJD-T: 59a088015920890159208801b509200359a089010610b501a0030400

----------------
IN: 
0x00010352:  
OBJD-T: 59a08801

----------------
IN: 
0x00010356:  
OBJD-T: 5920890159208801b509200359a089010610b501a0030400

----------------
IN: 
0x00010356:  
OBJD-T: 59208901

----------------
IN: 
0x0001035a:  
OBJD-T: 59208801b509200359a089010610b501a0030400

----------------
IN: 
0x0001035a:  
OBJD-T: 59208801

----------------
IN: 
0x0001035e:  
OBJD-T: b509200359a089010610b501a0030400

----------------
IN: 
0x00010362:  
OBJD-T: 59a08901

----------------
IN: 
0x00010366:  
OBJD-T: 0610b501a0030400

----------------
IN: 
0x0001036c:  
OBJD-T: 040035aff10f970f001059208e01871f0000950f0c7e8901810715011100b660
OBJD-T: 01c00504

----------------
IN: 
0x00010376:  
OBJD-T: 59208e01

----------------
IN: 
0x0001037a:  
OBJD-T: 871f0000950f0c7e8901810715011100b66001c00504

----------------
IN: 
0x0001038c:  
OBJD-T: 01c005045650745d

----------------
IN: 
0x000113a2:  
OBJD-T: 4100a504

----------------
IN: 
0x000113a6:  
OBJD-T: 014073ff9650561101400500

----------------
IN: 
0x000113ae:  
OBJD-T: 01400500d6501501210001c06eff

----------------
IN: 
0x000113c2:  
OBJD-T: 4100a502

----------------
IN: 
0x000113c6:  
OBJD-T: 0008157111004130a502

----------------
IN: 
0x000113cc:  
OBJD-T: 4130a502

----------------
IN: 
0x000113b8:  
OBJD-T: 01c06eff56504130a504

----------------
IN: 
0x000113be:  
OBJD-T: 4130a504

----------------
IN: 
0x00010392:  
OBJD-T: 745d8620950fa00136c10008

----------------
IN: 
0x0001039c:  
OBJD-T: 0008b501000556100400

----------------
IN: 
0x000103a4:  
OBJD-T: 040035aff10f970f001059208e01871f0000950f1c6e8901810715011100b678
OBJD-T: 0008

----------------
IN: 
0x000103ae:  
OBJD-T: 59208e01

----------------
IN: 
0x000103b2:  
OBJD-T: 871f0000950f1c6e8901810715011100b6780008

----------------
IN: 
0x000103c4:  
OBJD-T: 0008b501000256100400

----------------
IN: 
0x000103cc:  
OBJD-T: 040035aff10f970f001059208e01871f0000950f5c7d8901810715011100b658
OBJD-T: 0008

----------------
IN: 
0x000103d6:  
OBJD-T: 59208e01

----------------
IN: 
0x000103da:  
OBJD-T: 871f0000950f5c7d8901810715011100b6580008

----------------
IN: 
0x000103ec:  
OBJD-T: 0008170f00105920c8015920c8015920c8015920c80159a0c8015920c9015920
OBJD-T: c801b50f30032a070610b501a0030400

----------------
IN: 
0x000103f2:  
OBJD-T: 5920c801

----------------
IN: 
0x000103f6:  
OBJD-T: 5920c8015920c8015920c80159a0c8015920c9015920c801b50f30032a070610
OBJD-T: b501a0030400

----------------
IN: 
0x000103f6:  
OBJD-T: 5920c801

----------------
IN: 
0x000103fa:  
OBJD-T: 5920c8015920c80159a0c8015920c9015920c801b50f30032a070610b501a003
OBJD-T: 0400

----------------
IN: 
0x000103fa:  
OBJD-T: 5920c801

----------------
IN: 
0x000103fe:  
OBJD-T: 5920c80159a0c8015920c9015920c801b50f30032a070610b501a0030400

----------------
IN: 
0x000103fe:  
OBJD-T: 5920c801

----------------
IN: 
0x00010402:  
OBJD-T: 59a0c8015920c9015920c801b50f30032a070610b501a0030400

----------------
IN: 
0x00010402:  
OBJD-T: 59a0c801

----------------
IN: 
0x00010406:  
OBJD-T: 5920c9015920c801b50f30032a070610b501a0030400

----------------
IN: 
0x00010406:  
OBJD-T: 5920c901

----------------
IN: 
0x0001040a:  
OBJD-T: 5920c801b50f30032a070610b501a0030400

----------------
IN: 
0x0001040a:  
OBJD-T: 5920c801

----------------
IN: 
0x0001040e:  
OBJD-T: b50f30032a070610b501a0030400

----------------
IN: 
0x00010412:  
OBJD-T: 2a07

----------------
IN: 
0x00010414:  
OBJD-T: 0610b501a0030400

----------------
IN: 
0x0001041a:  
OBJD-T: 040035aff10f970f001059208e01871f0000950f0c7e8901810715011100b660
OBJD-T: 01c0e503

----------------
IN: 
0x00010424:  
OBJD-T: 59208e01

----------------
IN: 
0x00010428:  
OBJD-T: 871f0000950f0c7e8901810715011100b66001c0e503

----------------
IN: 
0x0001043a:  
OBJD-T: 01c0e503965016129458

----------------
IN: 
0x000113d0:  
OBJD-T: 4100a502

----------------
IN: 
0x000113d4:  
OBJD-T: a4030618a6180008

----------------
IN: 
0x000113da:  
OBJD-T: 0008d6ff850181071502000285ff410085524c0096ff05038107857f4300055f
OBJD-T: 4c0085df4100c70fcc01055f4300c7efc2c1470fcd01855f4c00050f8e0785ff
OBJD-T: 4c00478ff20108c7c56fcc07058f8e07c78f6100c78f3100050f8107950ff003
OBJD-T: 05ff8e01955f1d0038e685918e070008

----------------
IN: 
0x00011448:  
OBJD-T: 0008c6104130a502

----------------
IN: 
0x0001144c:  
OBJD-T: 4130a502

----------------
IN: 
0x00010442:  
OBJD-T: 94588620950f400236c10008

----------------
IN: 
0x0001044c:  
OBJD-T: 0008b501000556100400

----------------
IN: 
0x00010454:  
OBJD-T: 040035aff10f970f001059208e01871f0000950f1c6e8901810715011100b678
OBJD-T: 0008

----------------
IN: 
0x0001045e:  
OBJD-T: 59208e01

----------------
IN: 
0x00010462:  
OBJD-T: 871f0000950f1c6e8901810715011100b6780008

----------------
IN: 
0x00010474:  
OBJD-T: 0008b501000256100400

----------------
IN: 
0x0001047c:  
OBJD-T: 040035aff10f970f001059208e01871f0000950f5c7d8901810715011100b658
OBJD-T: 0008

----------------
IN: 
0x00010486:  
OBJD-T: 59208e01

----------------
IN: 
0x0001048a:  
OBJD-T: 871f0000950f5c7d8901810715011100b6580008

----------------
IN: 
0x0001049c:  
OBJD-T: 0008970f00105920880159208801592088015920880159a08801592089015920
OBJD-T: 8801592089010610b501a0030400

----------------
IN: 
0x000104a2:  
OBJD-T: 59208801

----------------
IN: 
0x000104a6:  
OBJD-T: 59208801592088015920880159a088015920890159208801592089010610b501
OBJD-T: a0030400

----------------
IN: 
0x000104a6:  
OBJD-T: 59208801

----------------
IN: 
0x000104aa:  
OBJD-T: 592088015920880159a088015920890159208801592089010610b501a0030400

----------------
IN: 
0x000104aa:  
OBJD-T: 59208801

----------------
IN: 
0x000104ae:  
OBJD-T: 5920880159a088015920890159208801592089010610b501a0030400

----------------
IN: 
0x000104ae:  
OBJD-T: 59208801

----------------
IN: 
0x000104b2:  
OBJD-T: 59a088015920890159208801592089010610b501a0030400

----------------
IN: 
0x000104b2:  
OBJD-T: 59a08801

----------------
IN: 
0x000104b6:  
OBJD-T: 5920890159208801592089010610b501a0030400

----------------
IN: 
0x000104b6:  
OBJD-T: 59208901

----------------
IN: 
0x000104ba:  
OBJD-T: 59208801592089010610b501a0030400

----------------
IN: 
0x000104ba:  
OBJD-T: 59208801

----------------
IN: 
0x000104be:  
OBJD-T: 592089010610b501a0030400

----------------
IN: 
0x000104be:  
OBJD-T: 59208901

----------------
IN: 
0x000104c2:  
OBJD-T: 0610b501a0030400

----------------
IN: 
0x000104c8:  
OBJD-T: 040035aff10f970f001059208e01871f0000950f0c7e8901810715011100b660
OBJD-T: 0140da03

----------------
IN: 
0x000104d2:  
OBJD-T: 59208e01

----------------
IN: 
0x000104d6:  
OBJD-T: 871f0000950f0c7e8901810715011100b6600140da03

----------------
IN: 
0x000104e8:  
OBJD-T: 0140da0396510711000015016127d6180140d603

----------------
IN: 
0x00011450:  
OBJD-T: 4100a504

----------------
IN: 
0x00011454:  
OBJD-T: 0030165186f81c06c6104130a504

----------------
IN: 
0x0001145e:  
OBJD-T: 4130a504

----------------
IN: 
0x000104f8:  
OBJD-T: 0140d6039651861807110000150161260453

----------------
IN: 
0x00010508:  
OBJD-T: 0453862036790008

----------------
IN: 
0x0001050e:  
OBJD-T: 0008b501000556100400

----------------
IN: 
0x00010516:  
OBJD-T: 040035aff10f970f001059208e01871f0000950f1c6e8901810715011100b678
OBJD-T: 0008

----------------
IN: 
0x00010520:  
OBJD-T: 59208e01

----------------
IN: 
0x00010524:  
OBJD-T: 871f0000950f1c6e8901810715011100b6780008

----------------
IN: 
0x00010536:  
OBJD-T: 0008b501000256100400

----------------
IN: 
0x0001053e:  
OBJD-T: 040035aff10f970f001059208e01871f0000950f5c7d8901810715011100b658
OBJD-T: 0008

----------------
IN: 
0x00010548:  
OBJD-T: 59208e01

----------------
IN: 
0x0001054c:  
OBJD-T: 871f0000950f5c7d8901810715011100b6580008

----------------
IN: 
0x0001055e:  
OBJD-T: 0008170f00105920c8015920c8015920c8015920c80159a0c8015920c9015920
OBJD-T: c801b50f50032a070610b501a0030400

----------------
IN: 
0x00010564:  
OBJD-T: 5920c801

----------------
IN: 
0x00010568:  
OBJD-T: 5920c8015920c8015920c80159a0c8015920c9015920c801b50f50032a070610
OBJD-T: b501a0030400

----------------
IN: 
0x00010568:  
OBJD-T: 5920c801

----------------
IN: 
0x0001056c:  
OBJD-T: 5920c8015920c80159a0c8015920c9015920c801b50f50032a070610b501a003
OBJD-T: 0400

----------------
IN: 
0x0001056c:  
OBJD-T: 5920c801

----------------
IN: 
0x00010570:  
OBJD-T: 5920c80159a0c8015920c9015920c801b50f50032a070610b501a0030400

----------------
IN: 
0x00010570:  
OBJD-T: 5920c801

----------------
IN: 
0x00010574:  
OBJD-T: 59a0c8015920c9015920c801b50f50032a070610b501a0030400

----------------
IN: 
0x00010574:  
OBJD-T: 59a0c801

----------------
IN: 
0x00010578:  
OBJD-T: 5920c9015920c801b50f50032a070610b501a0030400

----------------
IN: 
0x00010578:  
OBJD-T: 5920c901

----------------
IN: 
0x0001057c:  
OBJD-T: 5920c801b50f50032a070610b501a0030400

----------------
IN: 
0x0001057c:  
OBJD-T: 5920c801

----------------
IN: 
0x00010580:  
OBJD-T: b50f50032a070610b501a0030400

----------------
IN: 
0x00010584:  
OBJD-T: 2a07

----------------
IN: 
0x00010586:  
OBJD-T: 0610b501a0030400

----------------
IN: 
0x0001058c:  
OBJD-T: 040035aff10f970f001059208e01871f0000950f0c7e8901810715011100b660
OBJD-T: 01c0ad03

----------------
IN: 
0x00010596:  
OBJD-T: 59208e01

----------------
IN: 
0x0001059a:  
OBJD-T: 871f0000950f0c7e8901810715011100b66001c0ad03

----------------
IN: 
0x000105ac:  
OBJD-T: 01c0ad035650444e

----------------
IN: 
0x00011462:  
OBJD-T: 4100a502

----------------
IN: 
0x00011466:  
OBJD-T: 0008150130014110a502

----------------
IN: 
0x0001146c:  
OBJD-T: 4110a502

----------------
IN: 
0x00011470:  
OBJD-T: 22000000

----------------
IN: 
0x00011474:  
OBJD-T: 4100a502

----------------
IN: 
0x00011478:  
OBJD-T: 00081501b1004130a502

----------------
IN: 
0x0001147e:  
OBJD-T: 4130a502

----------------
IN: 
0x000105b2:  
OBJD-T: 444e8620950fe00136c10008

----------------
IN: 
0x000105bc:  
OBJD-T: 0008b501000556100400

----------------
IN: 
0x000105c4:  
OBJD-T: 040035aff10f970f001059208e01871f0000950f1c6e8901810715011100b678
OBJD-T: 0008

----------------
IN: 
0x000105ce:  
OBJD-T: 59208e01

----------------
IN: 
0x000105d2:  
OBJD-T: 871f0000950f1c6e8901810715011100b6780008

----------------
IN: 
0x000105e4:  
OBJD-T: 0008b501000256100400

----------------
IN: 
0x000105ec:  
OBJD-T: 040035aff10f970f001059208e01871f0000950f5c7d8901810715011100b658
OBJD-T: 0008

----------------
IN: 
0x000105f6:  
OBJD-T: 59208e01

----------------
IN: 
0x000105fa:  
OBJD-T: 871f0000950f5c7d8901810715011100b6580008

----------------
IN: 
0x0001060c:  
OBJD-T: 0008170f00105920c8015920c8015920c8015920c80159a0c8015920c9015920
OBJD-T: c801b50f60032a070610b501a0030400

----------------
IN: 
0x00010612:  
OBJD-T: 5920c801

----------------
IN: 
0x00010616:  
OBJD-T: 5920c8015920c8015920c80159a0c8015920c9015920c801b50f60032a070610
OBJD-T: b501a0030400

----------------
IN: 
0x00010616:  
OBJD-T: 5920c801

----------------
IN: 
0x0001061a:  
OBJD-T: 5920c8015920c80159a0c8015920c9015920c801b50f60032a070610b501a003
OBJD-T: 0400

----------------
IN: 
0x0001061a:  
OBJD-T: 5920c801

----------------
IN: 
0x0001061e:  
OBJD-T: 5920c80159a0c8015920c9015920c801b50f60032a070610b501a0030400

----------------
IN: 
0x0001061e:  
OBJD-T: 5920c801

----------------
IN: 
0x00010622:  
OBJD-T: 59a0c8015920c9015920c801b50f60032a070610b501a0030400

----------------
IN: 
0x00010622:  
OBJD-T: 59a0c801

----------------
IN: 
0x00010626:  
OBJD-T: 5920c9015920c801b50f60032a070610b501a0030400

----------------
IN: 
0x00010626:  
OBJD-T: 5920c901

----------------
IN: 
0x0001062a:  
OBJD-T: 5920c801b50f60032a070610b501a0030400

----------------
IN: 
0x0001062a:  
OBJD-T: 5920c801

----------------
IN: 
0x0001062e:  
OBJD-T: b50f60032a070610b501a0030400

----------------
IN: 
0x00010632:  
OBJD-T: 2a07

----------------
IN: 
0x00010634:  
OBJD-T: 0610b501a0030400

----------------
IN: 
0x0001063a:  
OBJD-T: 040035aff10f970f001059208e01871f0000950f0c7e8901810715011100b660
OBJD-T: 01408a03

----------------
IN: 
0x00010644:  
OBJD-T: 59208e01

----------------
IN: 
0x00010648:  
OBJD-T: 871f0000950f0c7e8901810715011100b66001408a03

----------------
IN: 
0x0001065a:  
OBJD-T: 01408a0356507449

----------------
IN: 
0x00011482:  
OBJD-T: 4100a502

----------------
IN: 
0x00011486:  
OBJD-T: 00080e00393abc0596104110a502

----------------
IN: 
0x00011490:  
OBJD-T: 4110a502

----------------
IN: 
0x00011494:  
OBJD-T: 00281c050000

----------------
IN: 
0x00010660:  
OBJD-T: 7449862056fb36c10008

----------------
IN: 
0x00010668:  
OBJD-T: 0008b501000556100400

----------------
IN: 
0x00010670:  
OBJD-T: 040035aff10f970f001059208e01871f0000950f1c6e8901810715011100b678
OBJD-T: 0008

----------------
IN: 
0x0001067a:  
OBJD-T: 59208e01

----------------
IN: 
0x0001067e:  
OBJD-T: 871f0000950f1c6e8901810715011100b6780008

----------------
IN: 
0x00010690:  
OBJD-T: 0008b501000256100400

----------------
IN: 
0x00010698:  
OBJD-T: 040035aff10f970f001059208e01871f0000950f5c7d8901810715011100b658
OBJD-T: 0008

----------------
IN: 
0x000106a2:  
OBJD-T: 59208e01

----------------
IN: 
0x000106a6:  
OBJD-T: 871f0000950f5c7d8901810715011100b6580008

----------------
IN: 
0x000106b8:  
OBJD-T: 0008170f00105920c8015920c8015920c8015920c80159a0c8015920c9015920
OBJD-T: c801b50f70032a070610b501a0030400

----------------
IN: 
0x000106be:  
OBJD-T: 5920c801

----------------
IN: 
0x000106c2:  
OBJD-T: 5920c8015920c8015920c80159a0c8015920c9015920c801b50f70032a070610
OBJD-T: b501a0030400

----------------
IN: 
0x000106c2:  
OBJD-T: 5920c801

----------------
IN: 
0x000106c6:  
OBJD-T: 5920c8015920c80159a0c8015920c9015920c801b50f70032a070610b501a003
OBJD-T: 0400

----------------
IN: 
0x000106c6:  
OBJD-T: 5920c801

----------------
IN: 
0x000106ca:  
OBJD-T: 5920c80159a0c8015920c9015920c801b50f70032a070610b501a0030400

----------------
IN: 
0x000106ca:  
OBJD-T: 5920c801

----------------
IN: 
0x000106ce:  
OBJD-T: 59a0c8015920c9015920c801b50f70032a070610b501a0030400

----------------
IN: 
0x000106ce:  
OBJD-T: 59a0c801

----------------
IN: 
0x000106d2:  
OBJD-T: 5920c9015920c801b50f70032a070610b501a0030400

----------------
IN: 
0x000106d2:  
OBJD-T: 5920c901

----------------
IN: 
0x000106d6:  
OBJD-T: 5920c801b50f70032a070610b501a0030400

----------------
IN: 
0x000106d6:  
OBJD-T: 5920c801

----------------
IN: 
0x000106da:  
OBJD-T: b50f70032a070610b501a0030400

----------------
IN: 
0x000106de:  
OBJD-T: 2a07

----------------
IN: 
0x000106e0:  
OBJD-T: 0610b501a0030400

----------------
IN: 
0x000106e6:  
OBJD-T: 040035aff10f970f001059208e01871f0000950f0c7e8901810715011100b660
OBJD-T: 01406503

----------------
IN: 
0x000106f0:  
OBJD-T: 59208e01

----------------
IN: 
0x000106f4:  
OBJD-T: 871f0000950f0c7e8901810715011100b66001406503

----------------
IN: 
0x00010706:  
OBJD-T: 0140650316510668161a461301406203

----------------
IN: 
0x0001149a:  
OBJD-T: 4100a504

----------------
IN: 
0x0001149e:  
OBJD-T: 0030d652070200001502827e15713100893f41061c06c6104130a504

----------------
IN: 
0x000114b6:  
OBJD-T: 4130a504

----------------
IN: 
0x00010712:  
OBJD-T: 01406203165186185670861301405f03

----------------
IN: 
0x0001071e:  
OBJD-T: 01405f031651861896600613b443

----------------
IN: 
0x0001072a:  
OBJD-T: b4438620950f800136c10008

----------------
IN: 
0x00010734:  
OBJD-T: 0008350100050400

----------------
IN: 
0x0001073a:  
OBJD-T: 0400352ff10f970f001059208e01871f0000950f1c6e0901870715071700b67b
OBJD-T: 0008

----------------
IN: 
0x00010744:  
OBJD-T: 59208e01

----------------
IN: 
0x00010748:  
OBJD-T: 871f0000950f1c6e0901870715071700b67b0008

----------------
IN: 
0x0001075a:  
OBJD-T: 0008b501000256100400

----------------
IN: 
0x00010762:  
OBJD-T: 040035aff10f970f001059208e01871f0000950f5c7d8901810715011100b658
OBJD-T: 0008

----------------
IN: 
0x0001076c:  
OBJD-T: 59208e01

----------------
IN: 
0x00010770:  
OBJD-T: 871f0000950f5c7d8901810715011100b6580008

----------------
IN: 
0x00010782:  
OBJD-T: 0008170f00105920c8015920c8015920c8015920c80159a0c8015920c9015920
OBJD-T: c801b50f80032a073501a0030400

----------------
IN: 
0x00010788:  
OBJD-T: 5920c801

----------------
IN: 
0x0001078c:  
OBJD-T: 5920c8015920c8015920c80159a0c8015920c9015920c801b50f80032a073501
OBJD-T: a0030400

----------------
IN: 
0x0001078c:  
OBJD-T: 5920c801

----------------
IN: 
0x00010790:  
OBJD-T: 5920c8015920c80159a0c8015920c9015920c801b50f80032a073501a0030400

----------------
IN: 
0x00010790:  
OBJD-T: 5920c801

----------------
IN: 
0x00010794:  
OBJD-T: 5920c80159a0c8015920c9015920c801b50f80032a073501a0030400

----------------
IN: 
0x00010794:  
OBJD-T: 5920c801

----------------
IN: 
0x00010798:  
OBJD-T: 59a0c8015920c9015920c801b50f80032a073501a0030400

----------------
IN: 
0x00010798:  
OBJD-T: 59a0c801

----------------
IN: 
0x0001079c:  
OBJD-T: 5920c9015920c801b50f80032a073501a0030400

----------------
IN: 
0x0001079c:  
OBJD-T: 5920c901

----------------
IN: 
0x000107a0:  
OBJD-T: 5920c801b50f80032a073501a0030400

----------------
IN: 
0x000107a0:  
OBJD-T: 5920c801

----------------
IN: 
0x000107a4:  
OBJD-T: b50f80032a073501a0030400

----------------
IN: 
0x000107a8:  
OBJD-T: 2a07

----------------
IN: 
0x000107aa:  
OBJD-T: 3501a0030400

----------------
IN: 
0x000107ae:  
OBJD-T: 0400352ff10f970f001059208e01871f0000950f0c7e09818607958616007663
OBJD-T: 01403b03

----------------
IN: 
0x000107b8:  
OBJD-T: 59208e01

----------------
IN: 
0x000107bc:  
OBJD-T: 871f0000950f0c7e0981860795861600766301403b03

----------------
IN: 
0x000107ce:  
OBJD-T: 01403b03d650166b461301404103

----------------
IN: 
0x000114ba:  
OBJD-T: 4100a504

----------------
IN: 
0x000114be:  
OBJD-T: b4007500010001400600

----------------
IN: 
0x000114c4:  
OBJD-T: 014006001651d61f050131064130a504

----------------
IN: 
0x000114dc:  
OBJD-T: 4100a504

----------------
IN: 
0x000114e0:  
OBJD-T: a40086180610e61001c0f4ff

----------------
IN: 
0x000114e8:  
OBJD-T: 01c0f4ff1651d617058121064130a504

----------------
IN: 
0x000114d4:  
OBJD-T: 000856104130a504

----------------
IN: 
0x000114d8:  
OBJD-T: 4130a504

----------------
IN: 
0x000114f4:  
OBJD-T: 4130a504

----------------
IN: 
0x000114d0:  
OBJD-T: 4130a504

----------------
IN: 
0x000107d8:  
OBJD-T: 01404103d65086704613943e

----------------
IN: 
0x000107e2:  
OBJD-T: 943e0618a61b043f

----------------
IN: 
0x000107e8:  
OBJD-T: 043fb6180008

----------------
IN: 
0x000107ec:  
OBJD-T: 00083502000556100400

----------------
IN: 
0x000107f4:  
OBJD-T: 0400352ff20f970f001059208e01871f0000950f1c6e0902810715011100b678
OBJD-T: 0008

----------------
IN: 
0x000107fe:  
OBJD-T: 59208e01

----------------
IN: 
0x00010802:  
OBJD-T: 871f0000950f1c6e0902810715011100b6780008

----------------
IN: 
0x00010814:  
OBJD-T: 00083502000256100400

----------------
IN: 
0x0001081c:  
OBJD-T: 0400352ff20f970f001059208e01871f0000950f5c7d0902810715011100b658
OBJD-T: 0008

----------------
IN: 
0x00010826:  
OBJD-T: 59208e01

----------------
IN: 
0x0001082a:  
OBJD-T: 871f0000950f5c7d0902810715011100b6580008

----------------
IN: 
0x0001083c:  
OBJD-T: 0008170f00105920c8015920c8015920c8015920c80159a0c8015920c9015920
OBJD-T: c801b50f90032a073501a0030400

----------------
IN: 
0x00010842:  
OBJD-T: 5920c801

----------------
IN: 
0x00010846:  
OBJD-T: 5920c8015920c8015920c80159a0c8015920c9015920c801b50f90032a073501
OBJD-T: a0030400

----------------
IN: 
0x00010846:  
OBJD-T: 5920c801

----------------
IN: 
0x0001084a:  
OBJD-T: 5920c8015920c80159a0c8015920c9015920c801b50f90032a073501a0030400

----------------
IN: 
0x0001084a:  
OBJD-T: 5920c801

----------------
IN: 
0x0001084e:  
OBJD-T: 5920c80159a0c8015920c9015920c801b50f90032a073501a0030400

----------------
IN: 
0x0001084e:  
OBJD-T: 5920c801

----------------
IN: 
0x00010852:  
OBJD-T: 59a0c8015920c9015920c801b50f90032a073501a0030400

----------------
IN: 
0x00010852:  
OBJD-T: 59a0c801

----------------
IN: 
0x00010856:  
OBJD-T: 5920c9015920c801b50f90032a073501a0030400

----------------
IN: 
0x00010856:  
OBJD-T: 5920c901

----------------
IN: 
0x0001085a:  
OBJD-T: 5920c801b50f90032a073501a0030400

----------------
IN: 
0x0001085a:  
OBJD-T: 5920c801

----------------
IN: 
0x0001085e:  
OBJD-T: b50f90032a073501a0030400

----------------
IN: 
0x00010862:  
OBJD-T: 2a07

----------------
IN: 
0x00010864:  
OBJD-T: 3501a0030400

----------------
IN: 
0x00010868:  
OBJD-T: 0400352ff10f970f001059208e01871f0000950f0c7e0981810795811100f660
OBJD-T: 01c0fe02

----------------
IN: 
0x00010872:  
OBJD-T: 59208e01

----------------
IN: 
0x00010876:  
OBJD-T: 871f0000950f0c7e0981810795811100f66001c0fe02

----------------
IN: 
0x00010888:  
OBJD-T: 01c0fe02165207110000150161270e00e930a176043a

----------------
IN: 
0x0001089c:  
OBJD-T: 043a862056fa36c10008

----------------
IN: 
0x000108a4:  
OBJD-T: 0008871f0000950f4c470e00e9302c75b501000556100400

----------------
IN: 
0x000108ba:  
OBJD-T: 040035aff10f970f001059208e01871f0000950f1c6e8901810715011100b678
OBJD-T: 0008

----------------
IN: 
0x000108c4:  
OBJD-T: 59208e01

----------------
IN: 
0x000108c8:  
OBJD-T: 871f0000950f1c6e8901810715011100b6780008

----------------
IN: 
0x000108da:  
OBJD-T: 0008b501000256100400

----------------
IN: 
0x000108e2:  
OBJD-T: 040035aff10f970f001059208e01871f0000950f5c7d8901810715011100b658
OBJD-T: 0008

----------------
IN: 
0x000108ec:  
OBJD-T: 59208e01

----------------
IN: 
0x000108f0:  
OBJD-T: 871f0000950f5c7d8901810715011100b6580008

----------------
IN: 
0x00010902:  
OBJD-T: 0008170f00105920c8015920c8015920c8015920c80159a0c8015920c9015920
OBJD-T: c801b50f10042a070610b501a0030400

----------------
IN: 
0x00010908:  
OBJD-T: 5920c801

----------------
IN: 
0x0001090c:  
OBJD-T: 5920c8015920c8015920c80159a0c8015920c9015920c801b50f10042a070610
OBJD-T: b501a0030400

----------------
IN: 
0x0001090c:  
OBJD-T: 5920c801

----------------
IN: 
0x00010910:  
OBJD-T: 5920c8015920c80159a0c8015920c9015920c801b50f10042a070610b501a003
OBJD-T: 0400

----------------
IN: 
0x00010910:  
OBJD-T: 5920c801

----------------
IN: 
0x00010914:  
OBJD-T: 5920c80159a0c8015920c9015920c801b50f10042a070610b501a0030400

----------------
IN: 
0x00010914:  
OBJD-T: 5920c801

----------------
IN: 
0x00010918:  
OBJD-T: 59a0c8015920c9015920c801b50f10042a070610b501a0030400

----------------
IN: 
0x00010918:  
OBJD-T: 59a0c801

----------------
IN: 
0x0001091c:  
OBJD-T: 5920c9015920c801b50f10042a070610b501a0030400

----------------
IN: 
0x0001091c:  
OBJD-T: 5920c901

----------------
IN: 
0x00010920:  
OBJD-T: 5920c801b50f10042a070610b501a0030400

----------------
IN: 
0x00010920:  
OBJD-T: 5920c801

----------------
IN: 
0x00010924:  
OBJD-T: b50f10042a070610b501a0030400

----------------
IN: 
0x00010928:  
OBJD-T: 2a07

----------------
IN: 
0x0001092a:  
OBJD-T: 0610b501a0030400

----------------
IN: 
0x00010930:  
OBJD-T: 040035aff10f970f001059208e01871f0000950f0c7e8901810715011100b660
OBJD-T: 0140ea02

----------------
IN: 
0x0001093a:  
OBJD-T: 59208e01

----------------
IN: 
0x0001093e:  
OBJD-T: 871f0000950f0c7e8901810715011100b6600140ea02

----------------
IN: 
0x00010950:  
OBJD-T: 0140ea025650c434

----------------
IN: 
0x000114f8:  
OBJD-T: 4100c518

----------------
IN: 
0x000114fc:  
OBJD-T: 01c01a0007d50200d6125930111016135930110e56135930110c96135930110a
OBJD-T: d613593011081501000159301106150110015930110419b1800099b1700099b1
OBJD-T: 600099b5500099b1400019b6300099b1200099b12000050131061501a1000008

----------------
IN: 
0x00011566:  
OBJD-T: 4100a502

----------------
IN: 
0x0001156a:  
OBJD-T: 0008150151004130a502

----------------
IN: 
0x00011570:  
OBJD-T: 4130a502

----------------
IN: 
0x0001155a:  
OBJD-T: 0008085b05012c064130c518

----------------
IN: 
0x00011562:  
OBJD-T: 4130c518

----------------
IN: 
0x00010956:  
OBJD-T: c4348620950f900436c10008

----------------
IN: 
0x00010960:  
OBJD-T: 0008b501000556100400

----------------
IN: 
0x00010968:  
OBJD-T: 040035aff10f970f001059208e01871f0000950f1c6e8901810715011100b678
OBJD-T: 0008

----------------
IN: 
0x00010972:  
OBJD-T: 59208e01

----------------
IN: 
0x00010976:  
OBJD-T: 871f0000950f1c6e8901810715011100b6780008

----------------
IN: 
0x00010988:  
OBJD-T: 0008b501000256100400

----------------
IN: 
0x00010990:  
OBJD-T: 040035aff10f970f001059208e01871f0000950f5c7d8901810715011100b658
OBJD-T: 0008

----------------
IN: 
0x0001099a:  
OBJD-T: 59208e01

----------------
IN: 
0x0001099e:  
OBJD-T: 871f0000950f5c7d8901810715011100b6580008

----------------
IN: 
0x000109b0:  
OBJD-T: 0008170f00105920c8015920c8015920c8015920c80159a0c8015920c9015920
OBJD-T: c801b50f20042a070610b501a0030400

----------------
IN: 
0x000109b6:  
OBJD-T: 5920c801

----------------
IN: 
0x000109ba:  
OBJD-T: 5920c8015920c8015920c80159a0c8015920c9015920c801b50f20042a070610
OBJD-T: b501a0030400

----------------
IN: 
0x000109ba:  
OBJD-T: 5920c801

----------------
IN: 
0x000109be:  
OBJD-T: 5920c8015920c80159a0c8015920c9015920c801b50f20042a070610b501a003
OBJD-T: 0400

----------------
IN: 
0x000109be:  
OBJD-T: 5920c801

----------------
IN: 
0x000109c2:  
OBJD-T: 5920c80159a0c8015920c9015920c801b50f20042a070610b501a0030400

----------------
IN: 
0x000109c2:  
OBJD-T: 5920c801

----------------
IN: 
0x000109c6:  
OBJD-T: 59a0c8015920c9015920c801b50f20042a070610b501a0030400

----------------
IN: 
0x000109c6:  
OBJD-T: 59a0c801

----------------
IN: 
0x000109ca:  
OBJD-T: 5920c9015920c801b50f20042a070610b501a0030400

----------------
IN: 
0x000109ca:  
OBJD-T: 5920c901

----------------
IN: 
0x000109ce:  
OBJD-T: 5920c801b50f20042a070610b501a0030400

----------------
IN: 
0x000109ce:  
OBJD-T: 5920c801

----------------
IN: 
0x000109d2:  
OBJD-T: b50f20042a070610b501a0030400

----------------
IN: 
0x000109d6:  
OBJD-T: 2a07

----------------
IN: 
0x000109d8:  
OBJD-T: 0610b501a0030400

----------------
IN: 
0x000109de:  
OBJD-T: 040035aff10f970f001059208e01871f0000950f0c7e8901810715011100b660
OBJD-T: 0e0001c0dd02

----------------
IN: 
0x000109e8:  
OBJD-T: 59208e01

----------------
IN: 
0x000109ec:  
OBJD-T: 871f0000950f0c7e8901810715011100b6600e0001c0dd02

----------------
IN: 
0x000109fe:  
OBJD-T: 0e0001c0dd02d65006684613c42f

----------------
IN: 
0x00011574:  
OBJD-T: 4100a504

----------------
IN: 
0x00011578:  
OBJD-T: 861a070200001502e25859301202150110014130a504

----------------
IN: 
0x0001158a:  
OBJD-T: 4130a504

----------------
IN: 
0x0001158e:  
OBJD-T: 003815012002dc000000

----------------
IN: 
0x00010a0a:  
OBJD-T: c42f8620950f200236c10008

----------------
IN: 
0x00010a14:  
OBJD-T: 0008b501000556100400

----------------
IN: 
0x00010a1c:  
OBJD-T: 040035aff10f970f001059208e01871f0000950f1c6e8901810715011100b678
OBJD-T: 0008

----------------
IN: 
0x00010a26:  
OBJD-T: 59208e01

----------------
IN: 
0x00010a2a:  
OBJD-T: 871f0000950f1c6e8901810715011100b6780008

----------------
IN: 
0x00010a3c:  
OBJD-T: 0008b501000256100400

----------------
IN: 
0x00010a44:  
OBJD-T: 040035aff10f970f001059208e01871f0000950f5c7d8901810715011100b658
OBJD-T: 0008

----------------
IN: 
0x00010a4e:  
OBJD-T: 59208e01

----------------
IN: 
0x00010a52:  
OBJD-T: 871f0000950f5c7d8901810715011100b6580008

----------------
IN: 
0x00010a64:  
OBJD-T: 0008170f00105920c8015920c8015920c8015920c80159a0c8015920c9015920
OBJD-T: c801b50f30042a073501a0030400

----------------
IN: 
0x00010a6a:  
OBJD-T: 5920c801

----------------
IN: 
0x00010a6e:  
OBJD-T: 5920c8015920c8015920c80159a0c8015920c9015920c801b50f30042a073501
OBJD-T: a0030400

----------------
IN: 
0x00010a6e:  
OBJD-T: 5920c801

----------------
IN: 
0x00010a72:  
OBJD-T: 5920c8015920c80159a0c8015920c9015920c801b50f30042a073501a0030400

----------------
IN: 
0x00010a72:  
OBJD-T: 5920c801

----------------
IN: 
0x00010a76:  
OBJD-T: 5920c80159a0c8015920c9015920c801b50f30042a073501a0030400

----------------
IN: 
0x00010a76:  
OBJD-T: 5920c801

----------------
IN: 
0x00010a7a:  
OBJD-T: 59a0c8015920c9015920c801b50f30042a073501a0030400

----------------
IN: 
0x00010a7a:  
OBJD-T: 59a0c801

----------------
IN: 
0x00010a7e:  
OBJD-T: 5920c9015920c801b50f30042a073501a0030400

----------------
IN: 
0x00010a7e:  
OBJD-T: 5920c901

----------------
IN: 
0x00010a82:  
OBJD-T: 5920c801b50f30042a073501a0030400

----------------
IN: 
0x00010a82:  
OBJD-T: 5920c801

----------------
IN: 
0x00010a86:  
OBJD-T: b50f30042a073501a0030400

----------------
IN: 
0x00010a8a:  
OBJD-T: 2a07

----------------
IN: 
0x00010a8c:  
OBJD-T: 3501a0030400

----------------
IN: 
0x00010a90:  
OBJD-T: 0400352ff10f970f001059208e01871f0000950f0c7e09818607958616007663
OBJD-T: 0e000140ba02

----------------
IN: 
0x00010a9a:  
OBJD-T: 59208e01

----------------
IN: 
0x00010a9e:  
OBJD-T: 871f0000950f0c7e098186079586160076630e000140ba02

----------------
IN: 
0x00010ab0:  
OBJD-T: 0e000140ba02d65006684613d42a

----------------
IN: 
0x00011598:  
OBJD-T: 4100a504

----------------
IN: 
0x0001159c:  
OBJD-T: 861a070200001502225b59301202150130034120a504

----------------
IN: 
0x000115ae:  
OBJD-T: 4120a504

----------------
IN: 
0x00010abc:  
OBJD-T: d42a8620950f300336c10008

----------------
IN: 
0x00010ac6:  
OBJD-T: 0008b501000556100400

----------------
IN: 
0x00010ace:  
OBJD-T: 040035aff10f970f001059208e01871f0000950f1c6e8901810715011100b678
OBJD-T: 0008

----------------
IN: 
0x00010ad8:  
OBJD-T: 59208e01

----------------
IN: 
0x00010adc:  
OBJD-T: 871f0000950f1c6e8901810715011100b6780008

----------------
IN: 
0x00010aee:  
OBJD-T: 0008b501000256100400

----------------
IN: 
0x00010af6:  
OBJD-T: 040035aff10f970f001059208e01871f0000950f5c7d8901810715011100b658
OBJD-T: 0008

----------------
IN: 
0x00010b00:  
OBJD-T: 59208e01

----------------
IN: 
0x00010b04:  
OBJD-T: 871f0000950f5c7d8901810715011100b6580008

----------------
IN: 
0x00010b16:  
OBJD-T: 0008170f00105920c8015920c8015920c8015920c80159a0c8015920c9015920
OBJD-T: c801b50f40042a073501a0030400

----------------
IN: 
0x00010b1c:  
OBJD-T: 5920c801

----------------
IN: 
0x00010b20:  
OBJD-T: 5920c8015920c8015920c80159a0c8015920c9015920c801b50f40042a073501
OBJD-T: a0030400

----------------
IN: 
0x00010b20:  
OBJD-T: 5920c801

----------------
IN: 
0x00010b24:  
OBJD-T: 5920c8015920c80159a0c8015920c9015920c801b50f40042a073501a0030400

----------------
IN: 
0x00010b24:  
OBJD-T: 5920c801

----------------
IN: 
0x00010b28:  
OBJD-T: 5920c80159a0c8015920c9015920c801b50f40042a073501a0030400

----------------
IN: 
0x00010b28:  
OBJD-T: 5920c801

----------------
IN: 
0x00010b2c:  
OBJD-T: 59a0c8015920c9015920c801b50f40042a073501a0030400

----------------
IN: 
0x00010b2c:  
OBJD-T: 59a0c801

----------------
IN: 
0x00010b30:  
OBJD-T: 5920c9015920c801b50f40042a073501a0030400

----------------
IN: 
0x00010b30:  
OBJD-T: 5920c901

----------------
IN: 
0x00010b34:  
OBJD-T: 5920c801b50f40042a073501a0030400

----------------
IN: 
0x00010b34:  
OBJD-T: 5920c801

----------------
IN: 
0x00010b38:  
OBJD-T: b50f40042a073501a0030400

----------------
IN: 
0x00010b3c:  
OBJD-T: 2a07

----------------
IN: 
0x00010b3e:  
OBJD-T: 3501a0030400

----------------
IN: 
0x00010b42:  
OBJD-T: 0400352ff10f970f001059208e01871f0000950f0c7e09818607958616007663
OBJD-T: 0e0001c09602

----------------
IN: 
0x00010b4c:  
OBJD-T: 59208e01

----------------
IN: 
0x00010b50:  
OBJD-T: 871f0000950f0c7e098186079586160076630e0001c09602

----------------
IN: 
0x00010b62:  
OBJD-T: 0e0001c0960256510e00974623014613c425

----------------
IN: 
0x000115bc:  
OBJD-T: 00380000

----------------
IN: 
0x00010b72:  
OBJD-T: c425862036690008

----------------
IN: 
0x00010b78:  
OBJD-T: 0008b501000556100400

----------------
IN: 
0x00010b80:  
OBJD-T: 040035aff10f970f001059208e01871f0000950f1c6e8901810715011100b678
OBJD-T: 0008

----------------
IN: 
0x00010b8a:  
OBJD-T: 59208e01

----------------
IN: 
0x00010b8e:  
OBJD-T: 871f0000950f1c6e8901810715011100b6780008

----------------
IN: 
0x00010ba0:  
OBJD-T: 0008b501000256100400

----------------
IN: 
0x00010ba8:  
OBJD-T: 040035aff10f970f001059208e01871f0000950f5c7d8901810715011100b658
OBJD-T: 0008

----------------
IN: 
0x00010bb2:  
OBJD-T: 59208e01

----------------
IN: 
0x00010bb6:  
OBJD-T: 871f0000950f5c7d8901810715011100b6580008

----------------
IN: 
0x00010bc8:  
OBJD-T: 0008170f00105920c8015920c8015920c8015920c80159a0c8015920c9015920
OBJD-T: c801b50f50042a070610b501a0030400

----------------
IN: 
0x00010bce:  
OBJD-T: 5920c801

----------------
IN: 
0x00010bd2:  
OBJD-T: 5920c8015920c8015920c80159a0c8015920c9015920c801b50f50042a070610
OBJD-T: b501a0030400

----------------
IN: 
0x00010bd2:  
OBJD-T: 5920c801

----------------
IN: 
0x00010bd6:  
OBJD-T: 5920c8015920c80159a0c8015920c9015920c801b50f50042a070610b501a003
OBJD-T: 0400

----------------
IN: 
0x00010bd6:  
OBJD-T: 5920c801

----------------
IN: 
0x00010bda:  
OBJD-T: 5920c80159a0c8015920c9015920c801b50f50042a070610b501a0030400

----------------
IN: 
0x00010bda:  
OBJD-T: 5920c801

----------------
IN: 
0x00010bde:  
OBJD-T: 59a0c8015920c9015920c801b50f50042a070610b501a0030400

----------------
IN: 
0x00010bde:  
OBJD-T: 59a0c801

----------------
IN: 
0x00010be2:  
OBJD-T: 5920c9015920c801b50f50042a070610b501a0030400

----------------
IN: 
0x00010be2:  
OBJD-T: 5920c901

----------------
IN: 
0x00010be6:  
OBJD-T: 5920c801b50f50042a070610b501a0030400

----------------
IN: 
0x00010be6:  
OBJD-T: 5920c801

----------------
IN: 
0x00010bea:  
OBJD-T: b50f50042a070610b501a0030400

----------------
IN: 
0x00010bee:  
OBJD-T: 2a07

----------------
IN: 
0x00010bf0:  
OBJD-T: 0610b501a0030400

----------------
IN: 
0x00010bf6:  
OBJD-T: 040035aff10f970f001059208e01871f0000950f0c7e8901810715011100b660
OBJD-T: 0e0001406d02

----------------
IN: 
0x00010c00:  
OBJD-T: 59208e01

----------------
IN: 
0x00010c04:  
OBJD-T: 871f0000950f0c7e8901810715011100b6600e0001406d02

----------------
IN: 
0x00010c16:  
OBJD-T: 0e0001406d02d65006684613f420

----------------
IN: 
0x000115ca:  
OBJD-T: 4400650000060038

----------------
IN: 
0x000115d2:  
OBJD-T: 37800100

----------------
IN: 
0x000115d8:  
OBJD-T: 0038150160069c020000

----------------
IN: 
0x00010c22:  
OBJD-T: f4208620950f600636c10008

----------------
IN: 
0x00010c2c:  
OBJD-T: 0008b501000556100400

----------------
IN: 
0x00010c34:  
OBJD-T: 040035aff10f970f001059208e01871f0000950f1c6e8901810715011100b678
OBJD-T: 0008

----------------
IN: 
0x00010c3e:  
OBJD-T: 59208e01

----------------
IN: 
0x00010c42:  
OBJD-T: 871f0000950f1c6e8901810715011100b6780008

----------------
IN: 
0x00010c54:  
OBJD-T: 0008b501000256100400

----------------
IN: 
0x00010c5c:  
OBJD-T: 040035aff10f970f001059208e01871f0000950f5c7d8901810715011100b658
OBJD-T: 0008

----------------
IN: 
0x00010c66:  
OBJD-T: 59208e01

----------------
IN: 
0x00010c6a:  
OBJD-T: 871f0000950f5c7d8901810715011100b6580008

----------------
IN: 
0x00010c7c:  
OBJD-T: 0008170f00105920c8015920c8015920c8015920c80159a0c8015920c9015920
OBJD-T: c801b50f60042a073501a0030400

----------------
IN: 
0x00010c82:  
OBJD-T: 5920c801

----------------
IN: 
0x00010c86:  
OBJD-T: 5920c8015920c8015920c80159a0c8015920c9015920c801b50f60042a073501
OBJD-T: a0030400

----------------
IN: 
0x00010c86:  
OBJD-T: 5920c801

----------------
IN: 
0x00010c8a:  
OBJD-T: 5920c8015920c80159a0c8015920c9015920c801b50f60042a073501a0030400

----------------
IN: 
0x00010c8a:  
OBJD-T: 5920c801

----------------
IN: 
0x00010c8e:  
OBJD-T: 5920c80159a0c8015920c9015920c801b50f60042a073501a0030400

----------------
IN: 
0x00010c8e:  
OBJD-T: 5920c801

----------------
IN: 
0x00010c92:  
OBJD-T: 59a0c8015920c9015920c801b50f60042a073501a0030400

----------------
IN: 
0x00010c92:  
OBJD-T: 59a0c801

----------------
IN: 
0x00010c96:  
OBJD-T: 5920c9015920c801b50f60042a073501a0030400

----------------
IN: 
0x00010c96:  
OBJD-T: 5920c901

----------------
IN: 
0x00010c9a:  
OBJD-T: 5920c801b50f60042a073501a0030400

----------------
IN: 
0x00010c9a:  
OBJD-T: 5920c801

----------------
IN: 
0x00010c9e:  
OBJD-T: b50f60042a073501a0030400

----------------
IN: 
0x00010ca2:  
OBJD-T: 2a07

----------------
IN: 
0x00010ca4:  
OBJD-T: 3501a0030400

----------------
IN: 
0x00010ca8:  
OBJD-T: 0400352ff10f970f001059208e01871f0000950f0c7e09818607958616007663
OBJD-T: 0e0001c04602

----------------
IN: 
0x00010cb2:  
OBJD-T: 59208e01

----------------
IN: 
0x00010cb6:  
OBJD-T: 871f0000950f0c7e098186079586160076630e0001c04602

----------------
IN: 
0x00010cc8:  
OBJD-T: 0e0001c0460216519506500546130e0001c04902

----------------
IN: 
0x000115e2:  
OBJD-T: 8400650000060038

----------------
IN: 
0x000115f2:  
OBJD-T: 0038150160069c020000

----------------
IN: 
0x00010cd6:  
OBJD-T: 0e0001c04902d65086704613941b

----------------
IN: 
0x000115fc:  
OBJD-T: 8400651000060038

----------------
IN: 
0x00011602:  
OBJD-T: 0038150150059c020000

----------------
IN: 
0x00010ce2:  
OBJD-T: 941b0532e1460e00975f650636c10008

----------------
IN: 
0x00010cf0:  
OBJD-T: 0008b501000556100400

----------------
IN: 
0x00010cf8:  
OBJD-T: 040035aff10f970f001059208e01871f0000950f1c6e8901810715011100b678
OBJD-T: 0008

----------------
IN: 
0x00010d02:  
OBJD-T: 59208e01

----------------
IN: 
0x00010d06:  
OBJD-T: 871f0000950f1c6e8901810715011100b6780008

----------------
IN: 
0x00010d18:  
OBJD-T: 0008b501000256100400

----------------
IN: 
0x00010d20:  
OBJD-T: 040035aff10f970f001059208e01871f0000950f5c7d8901810715011100b658
OBJD-T: 0008

----------------
IN: 
0x00010d2a:  
OBJD-T: 59208e01

----------------
IN: 
0x00010d2e:  
OBJD-T: 871f0000950f5c7d8901810715011100b6580008

----------------
IN: 
0x00010d40:  
OBJD-T: 0008970f00105920880159208801592088015920880159a088015920890159a0
OBJD-T: 8801592088010610b501a0030400

----------------
IN: 
0x00010d46:  
OBJD-T: 59208801

----------------
IN: 
0x00010d4a:  
OBJD-T: 59208801592088015920880159a088015920890159a08801592088010610b501
OBJD-T: a0030400

----------------
IN: 
0x00010d4a:  
OBJD-T: 59208801

----------------
IN: 
0x00010d4e:  
OBJD-T: 592088015920880159a088015920890159a08801592088010610b501a0030400

----------------
IN: 
0x00010d4e:  
OBJD-T: 59208801

----------------
IN: 
0x00010d52:  
OBJD-T: 5920880159a088015920890159a08801592088010610b501a0030400

----------------
IN: 
0x00010d52:  
OBJD-T: 59208801

----------------
IN: 
0x00010d56:  
OBJD-T: 59a088015920890159a08801592088010610b501a0030400

----------------
IN: 
0x00010d56:  
OBJD-T: 59a08801

----------------
IN: 
0x00010d5a:  
OBJD-T: 5920890159a08801592088010610b501a0030400

----------------
IN: 
0x00010d5a:  
OBJD-T: 59208901

----------------
IN: 
0x00010d5e:  
OBJD-T: 59a08801592088010610b501a0030400

----------------
IN: 
0x00010d5e:  
OBJD-T: 59a08801

----------------
IN: 
0x00010d62:  
OBJD-T: 592088010610b501a0030400

----------------
IN: 
0x00010d62:  
OBJD-T: 59208801

----------------
IN: 
0x00010d66:  
OBJD-T: 0610b501a0030400

----------------
IN: 
0x00010d6c:  
OBJD-T: 040035aff10f970f001059208e01871f0000950f0c7e8901810715011100b660
OBJD-T: 0e0001c02202

----------------
IN: 
0x00010d76:  
OBJD-T: 59208e01

----------------
IN: 
0x00010d7a:  
OBJD-T: 871f0000950f0c7e8901810715011100b6600e0001c02202

----------------
IN: 
0x00010d8c:  
OBJD-T: 0e0001c02202d650150110019416

----------------
IN: 
0x00011616:  
OBJD-T: 4100a504

----------------
IN: 
0x0001161a:  
OBJD-T: 37000300

----------------
IN: 
0x00011626:  
OBJD-T: 3200150170074130a504

----------------
IN: 
0x0001162c:  
OBJD-T: 4130a504

----------------
IN: 
0x00010d98:  
OBJD-T: 941686209506700736690008

----------------
IN: 
0x00010da2:  
OBJD-T: 0008b501000556100400

----------------
IN: 
0x00010daa:  
OBJD-T: 040035aff10f970f001059208e01871f0000950f1c6e8901810715011100b678
OBJD-T: 0008

----------------
IN: 
0x00010db4:  
OBJD-T: 59208e01

----------------
IN: 
0x00010db8:  
OBJD-T: 871f0000950f1c6e8901810715011100b6780008

----------------
IN: 
0x00010dca:  
OBJD-T: 0008b501000256100400

----------------
IN: 
0x00010dd2:  
OBJD-T: 040035aff10f970f001059208e01871f0000950f5c7d8901810715011100b658
OBJD-T: 0008

----------------
IN: 
0x00010ddc:  
OBJD-T: 59208e01

----------------
IN: 
0x00010de0:  
OBJD-T: 871f0000950f5c7d8901810715011100b6580008

----------------
IN: 
0x00010df2:  
OBJD-T: 0008970f00105920880159208801592088015920880159a088015920890159a0
OBJD-T: 880159a088010610b501a0030400

----------------
IN: 
0x00010df8:  
OBJD-T: 59208801

----------------
IN: 
0x00010dfc:  
OBJD-T: 59208801592088015920880159a088015920890159a0880159a088010610b501
OBJD-T: a0030400

----------------
IN: 
0x00010dfc:  
OBJD-T: 59208801

----------------
IN: 
0x00010e00:  
OBJD-T: 592088015920880159a088015920890159a0880159a088010610b501a0030400

----------------
IN: 
0x00010e00:  
OBJD-T: 59208801

----------------
IN: 
0x00010e04:  
OBJD-T: 5920880159a088015920890159a0880159a088010610b501a0030400

----------------
IN: 
0x00010e04:  
OBJD-T: 59208801

----------------
IN: 
0x00010e08:  
OBJD-T: 59a088015920890159a0880159a088010610b501a0030400

----------------
IN: 
0x00010e08:  
OBJD-T: 59a08801

----------------
IN: 
0x00010e0c:  
OBJD-T: 5920890159a0880159a088010610b501a0030400

----------------
IN: 
0x00010e0c:  
OBJD-T: 59208901

----------------
IN: 
0x00010e10:  
OBJD-T: 59a0880159a088010610b501a0030400

----------------
IN: 
0x00010e10:  
OBJD-T: 59a08801

----------------
IN: 
0x00010e14:  
OBJD-T: 59a088010610b501a0030400

----------------
IN: 
0x00010e14:  
OBJD-T: 59a08801

----------------
IN: 
0x00010e18:  
OBJD-T: 0610b501a0030400

----------------
IN: 
0x00010e1e:  
OBJD-T: 040035aff10f970f001059208e01871f0000950f0c7e8901810715011100b660
OBJD-T: 0e0001c0fc01

----------------
IN: 
0x00010e28:  
OBJD-T: 59208e01

----------------
IN: 
0x00010e2c:  
OBJD-T: 871f0000950f0c7e8901810715011100b6600e0001c0fc01

----------------
IN: 
0x00010e3e:  
OBJD-T: 0e0001c0fc01d65015011001a411

----------------
IN: 
0x00011630:  
OBJD-T: 0f06000001200000150140040000

----------------
IN: 
0x00011648:  
OBJD-T: 0038150170079c020000

----------------
IN: 
0x00010e4a:  
OBJD-T: a411862036690008

----------------
IN: 
0x00010e50:  
OBJD-T: 0008b501000556100400

----------------
IN: 
0x00010e58:  
OBJD-T: 040035aff10f970f001059208e01871f0000950f1c6e8901810715011100b678
OBJD-T: 0008

----------------
IN: 
0x00010e62:  
OBJD-T: 59208e01

----------------
IN: 
0x00010e66:  
OBJD-T: 871f0000950f1c6e8901810715011100b6780008

----------------
IN: 
0x00010e78:  
OBJD-T: 0008b501000256100400

----------------
IN: 
0x00010e80:  
OBJD-T: 040035aff10f970f001059208e01871f0000950f5c7d8901810715011100b658
OBJD-T: 0008

----------------
IN: 
0x00010e8a:  
OBJD-T: 59208e01

----------------
IN: 
0x00010e8e:  
OBJD-T: 871f0000950f5c7d8901810715011100b6580008

----------------
IN: 
0x00010ea0:  
OBJD-T: 0008970f00105920880159208801592088015920880159a088015920890159a0
OBJD-T: 880159a089010610b501a0030400

----------------
IN: 
0x00010ea6:  
OBJD-T: 59208801

----------------
IN: 
0x00010eaa:  
OBJD-T: 59208801592088015920880159a088015920890159a0880159a089010610b501
OBJD-T: a0030400

----------------
IN: 
0x00010eaa:  
OBJD-T: 59208801

----------------
IN: 
0x00010eae:  
OBJD-T: 592088015920880159a088015920890159a0880159a089010610b501a0030400

----------------
IN: 
0x00010eae:  
OBJD-T: 59208801

----------------
IN: 
0x00010eb2:  
OBJD-T: 5920880159a088015920890159a0880159a089010610b501a0030400

----------------
IN: 
0x00010eb2:  
OBJD-T: 59208801

----------------
IN: 
0x00010eb6:  
OBJD-T: 59a088015920890159a0880159a089010610b501a0030400

----------------
IN: 
0x00010eb6:  
OBJD-T: 59a08801

----------------
IN: 
0x00010eba:  
OBJD-T: 5920890159a0880159a089010610b501a0030400

----------------
IN: 
0x00010eba:  
OBJD-T: 59208901

----------------
IN: 
0x00010ebe:  
OBJD-T: 59a0880159a089010610b501a0030400

----------------
IN: 
0x00010ebe:  
OBJD-T: 59a08801

----------------
IN: 
0x00010ec2:  
OBJD-T: 59a089010610b501a0030400

----------------
IN: 
0x00010ec2:  
OBJD-T: 59a08901

----------------
IN: 
0x00010ec6:  
OBJD-T: 0610b501a0030400

----------------
IN: 
0x00010ecc:  
OBJD-T: 040035aff10f970f001059208e01871f0000950f0c7e8901810715011100b660
OBJD-T: 0e000140dc01

----------------
IN: 
0x00010ed6:  
OBJD-T: 59208e01

----------------
IN: 
0x00010eda:  
OBJD-T: 871f0000950f0c7e8901810715011100b6600e000140dc01

----------------
IN: 
0x00010eec:  
OBJD-T: 0e000140dc01d65015012002d40c

----------------
IN: 
0x0001165c:  
OBJD-T: 8ffdffff01a0ffff150160060000

----------------
IN: 
0x00011652:  
OBJD-T: 0038150180089c020000

----------------
IN: 
0x00010ef8:  
OBJD-T: d40c8620950f800836c10008

----------------
IN: 
0x00010f02:  
OBJD-T: 0008b501000556100400

----------------
IN: 
0x00010f0a:  
OBJD-T: 040035aff10f970f001059208e01871f0000950f1c6e8901810715011100b678
OBJD-T: 41303519

----------------
IN: 
0x00010f14:  
OBJD-T: 59208e01

----------------
IN: 
0x00010f18:  
OBJD-T: 871f0000950f1c6e8901810715011100b67841303519

----------------
IN: 
0x00010f2a:  
OBJD-T: 41303519

----------------
IN: 
0x0001001a:  
OBJD-T: 014025009651071100009505b170c61201402100

----------------
IN: 
0x0001002a:  
OBJD-T: 0140210096510711000015068167061301401d00

----------------
IN: 
0x0001003a:  
OBJD-T: 01401d005651071100001501517101c01900

----------------
IN: 
0x00010048:  
OBJD-T: 01c019009650061301c01700

----------------
IN: 
0x00010050:  
OBJD-T: 01c017009650c61201c01500

----------------
IN: 
0x00010058:  
OBJD-T: 01c015005651071100001501c16a01401200

----------------
IN: 
0x00010066:  
OBJD-T: 014012009650c61201401000

----------------
IN: 
0x0001006e:  
OBJD-T: 014010005651071100001501e17901c00c00

----------------
IN: 
0x0001007c:  
OBJD-T: 01c00c005651071100001501b17601400900

----------------
IN: 
0x0001008a:  
OBJD-T: 014009009650c6120008

----------------
IN: 
0x00010092:  
OBJD-T: 000801100000

----------------
IN: 
0x00010094:  
OBJD-T: 01100000179f0010975f0000950f5c552a0701000000

----------------
IN: 
0x000100a4:  
OBJD-T: 2a07

----------------
IN: 
0x000100a6:  
OBJD-T: 01000000

----------------
IN: 
0x000100aa:  
OBJD-T: 02000000

