----------------
IN: 
0x00010000:  
OBJD-T: 4100c508

----------------
IN: 
0x00010004:  
OBJD-T: 01c02a00

----------------
IN: 
0x00010008:  
OBJD-T: 5651

----------------
IN: 
0x0001000a:  
OBJD-T: 07110000

----------------
IN: 
0x0001000e:  
OBJD-T: 15010137

----------------
IN: 
0x000100ae:  
OBJD-T: 4100a502

----------------
IN: 
0x000100b2:  
OBJD-T: 6401

----------------
IN: 
0x000100b4:  
OBJD-T: 19420100

----------------
IN: 
0x000100b8:  
OBJD-T: 1c51

----------------
IN: 
0x000100ba:  
OBJD-T: 0618

----------------
IN: 
0x000100bc:  
OBJD-T: 261e

----------------
IN: 
0x000100be:  
OBJD-T: 0008

----------------
IN: 
0x000100c0:  
OBJD-T: 15011100

----------------
IN: 
0x000100c4:  
OBJD-T: 0400

----------------
IN: 
0x000100c6:  
OBJD-T: 352ff20f

----------------
IN: 
0x000100ca:  
OBJD-T: 970f0010

----------------
IN: 
0x000100ce:  
OBJD-T: 59208e01

----------------
IN: 
0x000100d2:  
OBJD-T: 8c08

----------------
IN: 
0x000100d4:  
OBJD-T: 19420100

----------------
IN: 
0x000100d8:  
OBJD-T: 1c51

----------------
IN: 
0x000100da:  
OBJD-T: 361e

----------------
IN: 
0x000100dc:  
OBJD-T: 4616

----------------
IN: 
0x000100de:  
OBJD-T: 4130a502

----------------
IN: 
0x00010012:  
OBJD-T: 0e0001409f01

----------------
IN: 
0x00010018:  
OBJD-T: 5650

----------------
IN: 
0x0001068e:  
OBJD-T: 41000511

----------------
IN: 
0x00010692:  
OBJD-T: 0008

----------------
IN: 
0x00010694:  
OBJD-T: b5010002

----------------
IN: 
0x00010698:  
OBJD-T: 5610

----------------
IN: 
0x0001069a:  
OBJD-T: 965a

----------------
IN: 
0x0001069c:  
OBJD-T: 0400

----------------
IN: 
0x0001069e:  
OBJD-T: 35aff10f

----------------
IN: 
0x000106a2:  
OBJD-T: 970f0010

----------------
IN: 
0x000106a6:  
OBJD-T: 59208e01

----------------
IN: 
0x000106aa:  
OBJD-T: 871f0000

----------------
IN: 
0x000106ae:  
OBJD-T: 950fdc45

----------------
IN: 
0x000106b2:  
OBJD-T: 89018107

----------------
IN: 
0x000106b6:  
OBJD-T: 15011100

----------------
IN: 
0x000106ba:  
OBJD-T: b658

----------------
IN: 
0x000106bc:  
OBJD-T: 0008

----------------
IN: 
0x000106be:  
OBJD-T: 170f0010

----------------
IN: 
0x000106c2:  
OBJD-T: 35070003

----------------
IN: 
0x000106c6:  
OBJD-T: 5920c701

----------------
IN: 
0x000106ca:  
OBJD-T: 5920c701

----------------
IN: 
0x000106ce:  
OBJD-T: 5920c701

----------------
IN: 
0x000106d2:  
OBJD-T: 5920c701

----------------
IN: 
0x000106d6:  
OBJD-T: b5072003

----------------
IN: 
0x000106da:  
OBJD-T: 59a0c701

----------------
IN: 
0x000106de:  
OBJD-T: 59a0c701

----------------
IN: 
0x000106e2:  
OBJD-T: 5920c701

----------------
IN: 
0x000106e6:  
OBJD-T: b50f1003

----------------
IN: 
0x000106ea:  
OBJD-T: 2a07

----------------
IN: 
0x000106ec:  
OBJD-T: 0610

----------------
IN: 
0x000106ee:  
OBJD-T: b501a003

----------------
IN: 
0x000106f2:  
OBJD-T: 9660

----------------
IN: 
0x000106f4:  
OBJD-T: 0400

----------------
IN: 
0x000106f6:  
OBJD-T: 35aff10f

----------------
IN: 
0x000106fa:  
OBJD-T: 970f0010

----------------
IN: 
0x000106fe:  
OBJD-T: 59208e01

----------------
IN: 
0x00010702:  
OBJD-T: 871f0000

----------------
IN: 
0x00010706:  
OBJD-T: 950f8c46

----------------
IN: 
0x0001070a:  
OBJD-T: 89018107

----------------
IN: 
0x0001070e:  
OBJD-T: 15011100

----------------
IN: 
0x00010712:  
OBJD-T: b660

----------------
IN: 
0x00010714:  
OBJD-T: feff0140cffe

----------------
IN: 
0x0001071a:  
OBJD-T: 5650

----------------
IN: 
0x00010250:  
OBJD-T: 4100a502

----------------
IN: 
0x00010254:  
OBJD-T: 0008

----------------
IN: 
0x00010256:  
OBJD-T: 871f0000

----------------
IN: 
0x0001025a:  
OBJD-T: 15010c47

----------------
IN: 
0x0001025e:  
OBJD-T: 3e1819611100

----------------
IN: 
0x00010264:  
OBJD-T: 871f0000

----------------
IN: 
0x00010268:  
OBJD-T: 950f4c47

----------------
IN: 
0x0001026c:  
OBJD-T: c5818107

----------------
IN: 
0x00010270:  
OBJD-T: 06f0

----------------
IN: 
0x00010272:  
OBJD-T: 96f8

----------------
IN: 
0x00010274:  
OBJD-T: 770fcc1f

----------------
IN: 
0x00010278:  
OBJD-T: 3e12978f6745

----------------
IN: 
0x0001027e:  
OBJD-T: c50f8107

----------------
IN: 
0x00010282:  
OBJD-T: 05318e07

----------------
IN: 
0x00010286:  
OBJD-T: 4130a502

----------------
IN: 
0x0001071c:  
OBJD-T: 2442

----------------
IN: 
0x0001071e:  
OBJD-T: 8618

----------------
IN: 
0x00010720:  
OBJD-T: d680

----------------
IN: 
0x00010722:  
OBJD-T: f680

----------------
IN: 
0x00010724:  
OBJD-T: 0008

----------------
IN: 
0x00010726:  
OBJD-T: b5010005

----------------
IN: 
0x0001072a:  
OBJD-T: 5610

----------------
IN: 
0x0001072c:  
OBJD-T: d669

----------------
IN: 
0x0001072e:  
OBJD-T: 0400

----------------
IN: 
0x00010730:  
OBJD-T: 35aff10f

----------------
IN: 
0x00010734:  
OBJD-T: 970f0010

----------------
IN: 
0x00010738:  
OBJD-T: 59208e01

----------------
IN: 
0x0001073c:  
OBJD-T: 871f0000

----------------
IN: 
0x00010740:  
OBJD-T: 950f9c36

----------------
IN: 
0x00010744:  
OBJD-T: 89018107

----------------
IN: 
0x00010748:  
OBJD-T: 15011100

----------------
IN: 
0x0001074c:  
OBJD-T: b668

----------------
IN: 
0x0001074e:  
OBJD-T: 0008

----------------
IN: 
0x00010750:  
OBJD-T: b5010002

----------------
IN: 
0x00010754:  
OBJD-T: 5610

----------------
IN: 
0x00010756:  
OBJD-T: 0400

----------------
IN: 
0x00010758:  
OBJD-T: 35aff10f

----------------
IN: 
0x0001075c:  
OBJD-T: 970f0010

----------------
IN: 
0x00010760:  
OBJD-T: 59208e01

----------------
IN: 
0x00010764:  
OBJD-T: 871f0000

----------------
IN: 
0x00010768:  
OBJD-T: 950fdc45

----------------
IN: 
0x0001076c:  
OBJD-T: 89018107

----------------
IN: 
0x00010770:  
OBJD-T: 15011100

----------------
IN: 
0x00010774:  
OBJD-T: b658

----------------
IN: 
0x00010776:  
OBJD-T: 0008

----------------
IN: 
0x00010778:  
OBJD-T: 970f0010

----------------
IN: 
0x0001077c:  
OBJD-T: 59208701

----------------
IN: 
0x00010780:  
OBJD-T: 59208701

----------------
IN: 
0x00010784:  
OBJD-T: 59208701

----------------
IN: 
0x00010788:  
OBJD-T: 59208701

----------------
IN: 
0x0001078c:  
OBJD-T: 59a08701

----------------
IN: 
0x00010790:  
OBJD-T: 59a08701

----------------
IN: 
0x00010794:  
OBJD-T: 59208701

----------------
IN: 
0x00010798:  
OBJD-T: 59a08701

----------------
IN: 
0x0001079c:  
OBJD-T: 0610

----------------
IN: 
0x0001079e:  
OBJD-T: b501a003

----------------
IN: 
0x000107a2:  
OBJD-T: 0400

----------------
IN: 
0x000107a4:  
OBJD-T: 35aff10f

----------------
IN: 
0x000107a8:  
OBJD-T: 970f0010

----------------
IN: 
0x000107ac:  
OBJD-T: 59208e01

----------------
IN: 
0x000107b0:  
OBJD-T: 871f0000

----------------
IN: 
0x000107b4:  
OBJD-T: 950f8c46

----------------
IN: 
0x000107b8:  
OBJD-T: 89018107

----------------
IN: 
0x000107bc:  
OBJD-T: 15011100

----------------
IN: 
0x000107c0:  
OBJD-T: b660

----------------
IN: 
0x000107c2:  
OBJD-T: feff0140b2fe

----------------
IN: 
0x000107c8:  
OBJD-T: 5650

----------------
IN: 
0x0001028a:  
OBJD-T: 4100a502

----------------
IN: 
0x0001028e:  
OBJD-T: 0008

----------------
IN: 
0x00010290:  
OBJD-T: 871f0000

----------------
IN: 
0x00010294:  
OBJD-T: 15010c47

----------------
IN: 
0x00010298:  
OBJD-T: 2e1819611100

----------------
IN: 
0x0001029e:  
OBJD-T: 871f0000

----------------
IN: 
0x000102a2:  
OBJD-T: 950f4c47

----------------
IN: 
0x000102a6:  
OBJD-T: c5818107

----------------
IN: 
0x000102aa:  
OBJD-T: 06f0

----------------
IN: 
0x000102ac:  
OBJD-T: 96f8

----------------
IN: 
0x000102ae:  
OBJD-T: 770fcc1f

----------------
IN: 
0x000102b2:  
OBJD-T: 150f0002

----------------
IN: 
0x000102b6:  
OBJD-T: be9a970fefcd

----------------
IN: 
0x000102bc:  
OBJD-T: 857fcc01

----------------
IN: 
0x000102c0:  
OBJD-T: 855fcc01

----------------
IN: 
0x000102c4:  
OBJD-T: c50f8107

----------------
IN: 
0x000102c8:  
OBJD-T: 05b18e07

----------------
IN: 
0x000102cc:  
OBJD-T: 4130a502

----------------
IN: 
0x000107ca:  
OBJD-T: 343d

----------------
IN: 
0x000107cc:  
OBJD-T: 8618

----------------
IN: 
0x000107ce:  
OBJD-T: f680

----------------
IN: 
0x000107d0:  
OBJD-T: 0008

----------------
IN: 
0x000107d2:  
OBJD-T: b5010005

----------------
IN: 
0x000107d6:  
OBJD-T: 5610

----------------
IN: 
0x000107d8:  
OBJD-T: 0400

----------------
IN: 
0x000107da:  
OBJD-T: 35aff10f

----------------
IN: 
0x000107de:  
OBJD-T: 970f0010

----------------
IN: 
0x000107e2:  
OBJD-T: 59208e01

----------------
IN: 
0x000107e6:  
OBJD-T: 871f0000

----------------
IN: 
0x000107ea:  
OBJD-T: 950f9c36

----------------
IN: 
0x000107ee:  
OBJD-T: 89018107

----------------
IN: 
0x000107f2:  
OBJD-T: 15011100

----------------
IN: 
0x000107f6:  
OBJD-T: b668

----------------
IN: 
0x000107f8:  
OBJD-T: 0008

----------------
IN: 
0x000107fa:  
OBJD-T: b5010002

----------------
IN: 
0x000107fe:  
OBJD-T: 5610

----------------
IN: 
0x00010800:  
OBJD-T: 0400

----------------
IN: 
0x00010802:  
OBJD-T: 35aff10f

----------------
IN: 
0x00010806:  
OBJD-T: 970f0010

----------------
IN: 
0x0001080a:  
OBJD-T: 59208e01

----------------
IN: 
0x0001080e:  
OBJD-T: 871f0000

----------------
IN: 
0x00010812:  
OBJD-T: 950fdc45

----------------
IN: 
0x00010816:  
OBJD-T: 89018107

----------------
IN: 
0x0001081a:  
OBJD-T: 15011100

----------------
IN: 
0x0001081e:  
OBJD-T: b658

----------------
IN: 
0x00010820:  
OBJD-T: 0008

----------------
IN: 
0x00010822:  
OBJD-T: 170f0010

----------------
IN: 
0x00010826:  
OBJD-T: 5920c701

----------------
IN: 
0x0001082a:  
OBJD-T: 5920c701

----------------
IN: 
0x0001082e:  
OBJD-T: 5920c701

----------------
IN: 
0x00010832:  
OBJD-T: 5920c701

----------------
IN: 
0x00010836:  
OBJD-T: 59a0c701

----------------
IN: 
0x0001083a:  
OBJD-T: 59a0c701

----------------
IN: 
0x0001083e:  
OBJD-T: 5920c701

----------------
IN: 
0x00010842:  
OBJD-T: b50f3003

----------------
IN: 
0x00010846:  
OBJD-T: 2a07

----------------
IN: 
0x00010848:  
OBJD-T: 0610

----------------
IN: 
0x0001084a:  
OBJD-T: b501a003

----------------
IN: 
0x0001084e:  
OBJD-T: 0400

----------------
IN: 
0x00010850:  
OBJD-T: 35aff10f

----------------
IN: 
0x00010854:  
OBJD-T: 970f0010

----------------
IN: 
0x00010858:  
OBJD-T: 59208e01

----------------
IN: 
0x0001085c:  
OBJD-T: 871f0000

----------------
IN: 
0x00010860:  
OBJD-T: 950f8c46

----------------
IN: 
0x00010864:  
OBJD-T: 89018107

----------------
IN: 
0x00010868:  
OBJD-T: 15011100

----------------
IN: 
0x0001086c:  
OBJD-T: b660

----------------
IN: 
0x0001086e:  
OBJD-T: feff01c098fe

----------------
IN: 
0x00010874:  
OBJD-T: 5650

----------------
IN: 
0x000102d0:  
OBJD-T: 4100a502

----------------
IN: 
0x000102d4:  
OBJD-T: 0008

----------------
IN: 
0x000102d6:  
OBJD-T: 871f0000

----------------
IN: 
0x000102da:  
OBJD-T: 15010c47

----------------
IN: 
0x000102de:  
OBJD-T: 3e1829614100

----------------
IN: 
0x000102e4:  
OBJD-T: 871f0000

----------------
IN: 
0x000102e8:  
OBJD-T: 950f4c47

----------------
IN: 
0x000102ec:  
OBJD-T: c5818107

----------------
IN: 
0x000102f0:  
OBJD-T: 06f0

----------------
IN: 
0x000102f2:  
OBJD-T: 96f8

----------------
IN: 
0x000102f4:  
OBJD-T: 770fcc1f

----------------
IN: 
0x000102f8:  
OBJD-T: 3e12978f6745

----------------
IN: 
0x000102fe:  
OBJD-T: c50f8107

----------------
IN: 
0x00010302:  
OBJD-T: 05318e07

----------------
IN: 
0x00010306:  
OBJD-T: 4130a502

----------------
IN: 
0x00010876:  
OBJD-T: 5438

----------------
IN: 
0x00010878:  
OBJD-T: 8618

----------------
IN: 
0x0001087a:  
OBJD-T: f680

----------------
IN: 
0x0001087c:  
OBJD-T: 0008

----------------
IN: 
0x0001087e:  
OBJD-T: b5010005

----------------
IN: 
0x00010882:  
OBJD-T: 5610

----------------
IN: 
0x00010884:  
OBJD-T: 0400

----------------
IN: 
0x00010886:  
OBJD-T: 35aff10f

----------------
IN: 
0x0001088a:  
OBJD-T: 970f0010

----------------
IN: 
0x0001088e:  
OBJD-T: 59208e01

----------------
IN: 
0x00010892:  
OBJD-T: 871f0000

----------------
IN: 
0x00010896:  
OBJD-T: 950f9c36

----------------
IN: 
0x0001089a:  
OBJD-T: 89018107

----------------
IN: 
0x0001089e:  
OBJD-T: 15011100

----------------
IN: 
0x000108a2:  
OBJD-T: b668

----------------
IN: 
0x000108a4:  
OBJD-T: 0008

----------------
IN: 
0x000108a6:  
OBJD-T: b5010002

----------------
IN: 
0x000108aa:  
OBJD-T: 5610

----------------
IN: 
0x000108ac:  
OBJD-T: 0400

----------------
IN: 
0x000108ae:  
OBJD-T: 35aff10f

----------------
IN: 
0x000108b2:  
OBJD-T: 970f0010

----------------
IN: 
0x000108b6:  
OBJD-T: 59208e01

----------------
IN: 
0x000108ba:  
OBJD-T: 871f0000

----------------
IN: 
0x000108be:  
OBJD-T: 950fdc45

----------------
IN: 
0x000108c2:  
OBJD-T: 89018107

----------------
IN: 
0x000108c6:  
OBJD-T: 15011100

----------------
IN: 
0x000108ca:  
OBJD-T: b658

----------------
IN: 
0x000108cc:  
OBJD-T: 0008

----------------
IN: 
0x000108ce:  
OBJD-T: 170f0010

----------------
IN: 
0x000108d2:  
OBJD-T: 5920c701

----------------
IN: 
0x000108d6:  
OBJD-T: 5920c701

----------------
IN: 
0x000108da:  
OBJD-T: 5920c701

----------------
IN: 
0x000108de:  
OBJD-T: 5920c701

----------------
IN: 
0x000108e2:  
OBJD-T: 59a0c701

----------------
IN: 
0x000108e6:  
OBJD-T: 59a0c701

----------------
IN: 
0x000108ea:  
OBJD-T: 5920c701

----------------
IN: 
0x000108ee:  
OBJD-T: b50f4003

----------------
IN: 
0x000108f2:  
OBJD-T: 2a07

----------------
IN: 
0x000108f4:  
OBJD-T: 0610

----------------
IN: 
0x000108f6:  
OBJD-T: b501a003

----------------
IN: 
0x000108fa:  
OBJD-T: 0400

----------------
IN: 
0x000108fc:  
OBJD-T: 35aff10f

----------------
IN: 
0x00010900:  
OBJD-T: 970f0010

----------------
IN: 
0x00010904:  
OBJD-T: 59208e01

----------------
IN: 
0x00010908:  
OBJD-T: 871f0000

----------------
IN: 
0x0001090c:  
OBJD-T: 950f8c46

----------------
IN: 
0x00010910:  
OBJD-T: 89018107

----------------
IN: 
0x00010914:  
OBJD-T: 15011100

----------------
IN: 
0x00010918:  
OBJD-T: b660

----------------
IN: 
0x0001091a:  
OBJD-T: feff01407cfe

----------------
IN: 
0x00010920:  
OBJD-T: 5650

----------------
IN: 
0x0001030a:  
OBJD-T: 4100a502

----------------
IN: 
0x0001030e:  
OBJD-T: 0008

----------------
IN: 
0x00010310:  
OBJD-T: 871f0000

----------------
IN: 
0x00010314:  
OBJD-T: 15010c47

----------------
IN: 
0x00010318:  
OBJD-T: 2e1829614100

----------------
IN: 
0x0001031e:  
OBJD-T: 871f0000

----------------
IN: 
0x00010322:  
OBJD-T: 950f4c47

----------------
IN: 
0x00010326:  
OBJD-T: c5818107

----------------
IN: 
0x0001032a:  
OBJD-T: 06f0

----------------
IN: 
0x0001032c:  
OBJD-T: 96f8

----------------
IN: 
0x0001032e:  
OBJD-T: 770fcc1f

----------------
IN: 
0x00010332:  
OBJD-T: 150f0002

----------------
IN: 
0x00010336:  
OBJD-T: be9a970fefcd

----------------
IN: 
0x0001033c:  
OBJD-T: 857fcc01

----------------
IN: 
0x00010340:  
OBJD-T: 855fcc01

----------------
IN: 
0x00010344:  
OBJD-T: c50f8107

----------------
IN: 
0x00010348:  
OBJD-T: 05b18e07

----------------
IN: 
0x0001034c:  
OBJD-T: 4130a502

----------------
IN: 
0x00010922:  
OBJD-T: 7433

----------------
IN: 
0x00010924:  
OBJD-T: 8618

----------------
IN: 
0x00010926:  
OBJD-T: f680

----------------
IN: 
0x00010928:  
OBJD-T: 0008

----------------
IN: 
0x0001092a:  
OBJD-T: b5010005

----------------
IN: 
0x0001092e:  
OBJD-T: 5610

----------------
IN: 
0x00010930:  
OBJD-T: 0400

----------------
IN: 
0x00010932:  
OBJD-T: 35aff10f

----------------
IN: 
0x00010936:  
OBJD-T: 970f0010

----------------
IN: 
0x0001093a:  
OBJD-T: 59208e01

----------------
IN: 
0x0001093e:  
OBJD-T: 871f0000

----------------
IN: 
0x00010942:  
OBJD-T: 950f9c36

----------------
IN: 
0x00010946:  
OBJD-T: 89018107

----------------
IN: 
0x0001094a:  
OBJD-T: 15011100

----------------
IN: 
0x0001094e:  
OBJD-T: b668

----------------
IN: 
0x00010950:  
OBJD-T: 0008

----------------
IN: 
0x00010952:  
OBJD-T: b5010002

----------------
IN: 
0x00010956:  
OBJD-T: 5610

----------------
IN: 
0x00010958:  
OBJD-T: 0400

----------------
IN: 
0x0001095a:  
OBJD-T: 35aff10f

----------------
IN: 
0x0001095e:  
OBJD-T: 970f0010

----------------
IN: 
0x00010962:  
OBJD-T: 59208e01

----------------
IN: 
0x00010966:  
OBJD-T: 871f0000

----------------
IN: 
0x0001096a:  
OBJD-T: 950fdc45

----------------
IN: 
0x0001096e:  
OBJD-T: 89018107

----------------
IN: 
0x00010972:  
OBJD-T: 15011100

----------------
IN: 
0x00010976:  
OBJD-T: b658

----------------
IN: 
0x00010978:  
OBJD-T: 0008

----------------
IN: 
0x0001097a:  
OBJD-T: 170f0010

----------------
IN: 
0x0001097e:  
OBJD-T: 5920c701

----------------
IN: 
0x00010982:  
OBJD-T: 5920c701

----------------
IN: 
0x00010986:  
OBJD-T: 5920c701

----------------
IN: 
0x0001098a:  
OBJD-T: 5920c701

----------------
IN: 
0x0001098e:  
OBJD-T: 59a0c701

----------------
IN: 
0x00010992:  
OBJD-T: 59a0c701

----------------
IN: 
0x00010996:  
OBJD-T: 5920c701

----------------
IN: 
0x0001099a:  
OBJD-T: b50f5003

----------------
IN: 
0x0001099e:  
OBJD-T: 2a07

----------------
IN: 
0x000109a0:  
OBJD-T: 0610

----------------
IN: 
0x000109a2:  
OBJD-T: b501a003

----------------
IN: 
0x000109a6:  
OBJD-T: 0400

----------------
IN: 
0x000109a8:  
OBJD-T: 35aff10f

----------------
IN: 
0x000109ac:  
OBJD-T: 970f0010

----------------
IN: 
0x000109b0:  
OBJD-T: 59208e01

----------------
IN: 
0x000109b4:  
OBJD-T: 871f0000

----------------
IN: 
0x000109b8:  
OBJD-T: 950f8c46

----------------
IN: 
0x000109bc:  
OBJD-T: 89018107

----------------
IN: 
0x000109c0:  
OBJD-T: 15011100

----------------
IN: 
0x000109c4:  
OBJD-T: b660

----------------
IN: 
0x000109c6:  
OBJD-T: feff01c062fe

----------------
IN: 
0x000109cc:  
OBJD-T: 5650

----------------
IN: 
0x00010350:  
OBJD-T: 4100a502

----------------
IN: 
0x00010354:  
OBJD-T: 0008

----------------
IN: 
0x00010356:  
OBJD-T: 06f8

----------------
IN: 
0x00010358:  
OBJD-T: 0e00e920ccca

----------------
IN: 
0x0001035e:  
OBJD-T: 0e00e9202cca

----------------
IN: 
0x00010364:  
OBJD-T: 15010002

----------------
IN: 
0x00010368:  
OBJD-T: beaa17dfcdbc

----------------
IN: 
0x0001036e:  
OBJD-T: 857f2e00

----------------
IN: 
0x00010372:  
OBJD-T: 05512c00

----------------
IN: 
0x00010376:  
OBJD-T: 872f0000

----------------
IN: 
0x0001037a:  
OBJD-T: 15020c00

----------------
IN: 
0x0001037e:  
OBJD-T: 3e2859204102

----------------
IN: 
0x00010384:  
OBJD-T: 872f0000

----------------
IN: 
0x00010388:  
OBJD-T: 950f4c00

----------------
IN: 
0x0001038c:  
OBJD-T: 45818207

----------------
IN: 
0x00010390:  
OBJD-T: 06f0

----------------
IN: 
0x00010392:  
OBJD-T: 96f8

----------------
IN: 
0x00010394:  
OBJD-T: 770fcc17

----------------
IN: 
0x00010398:  
OBJD-T: 0e00b92f340e

----------------
IN: 
0x0001039e:  
OBJD-T: 1c56

----------------
IN: 
0x000103a0:  
OBJD-T: c50fec07

----------------
IN: 
0x000103a4:  
OBJD-T: 05318e07

----------------
IN: 
0x000103a8:  
OBJD-T: 4130a502

----------------
IN: 
0x000109ce:  
OBJD-T: 942e

----------------
IN: 
0x000109d0:  
OBJD-T: 8618

----------------
IN: 
0x000109d2:  
OBJD-T: f680

----------------
IN: 
0x000109d4:  
OBJD-T: 0008

----------------
IN: 
0x000109d6:  
OBJD-T: b5010005

----------------
IN: 
0x000109da:  
OBJD-T: 5610

----------------
IN: 
0x000109dc:  
OBJD-T: 0400

----------------
IN: 
0x000109de:  
OBJD-T: 35aff10f

----------------
IN: 
0x000109e2:  
OBJD-T: 970f0010

----------------
IN: 
0x000109e6:  
OBJD-T: 59208e01

----------------
IN: 
0x000109ea:  
OBJD-T: 871f0000

----------------
IN: 
0x000109ee:  
OBJD-T: 950f9c36

----------------
IN: 
0x000109f2:  
OBJD-T: 89018107

----------------
IN: 
0x000109f6:  
OBJD-T: 15011100

----------------
IN: 
0x000109fa:  
OBJD-T: b668

----------------
IN: 
0x000109fc:  
OBJD-T: 0008

----------------
IN: 
0x000109fe:  
OBJD-T: b5010002

----------------
IN: 
0x00010a02:  
OBJD-T: 5610

----------------
IN: 
0x00010a04:  
OBJD-T: 0400

----------------
IN: 
0x00010a06:  
OBJD-T: 35aff10f

----------------
IN: 
0x00010a0a:  
OBJD-T: 970f0010

----------------
IN: 
0x00010a0e:  
OBJD-T: 59208e01

----------------
IN: 
0x00010a12:  
OBJD-T: 871f0000

----------------
IN: 
0x00010a16:  
OBJD-T: 950fdc45

----------------
IN: 
0x00010a1a:  
OBJD-T: 89018107

----------------
IN: 
0x00010a1e:  
OBJD-T: 15011100

----------------
IN: 
0x00010a22:  
OBJD-T: b658

----------------
IN: 
0x00010a24:  
OBJD-T: 0008

----------------
IN: 
0x00010a26:  
OBJD-T: 170f0010

----------------
IN: 
0x00010a2a:  
OBJD-T: 5920c701

----------------
IN: 
0x00010a2e:  
OBJD-T: 5920c701

----------------
IN: 
0x00010a32:  
OBJD-T: 5920c701

----------------
IN: 
0x00010a36:  
OBJD-T: 5920c701

----------------
IN: 
0x00010a3a:  
OBJD-T: 59a0c701

----------------
IN: 
0x00010a3e:  
OBJD-T: 59a0c701

----------------
IN: 
0x00010a42:  
OBJD-T: 5920c701

----------------
IN: 
0x00010a46:  
OBJD-T: b50f6003

----------------
IN: 
0x00010a4a:  
OBJD-T: 2a07

----------------
IN: 
0x00010a4c:  
OBJD-T: 0610

----------------
IN: 
0x00010a4e:  
OBJD-T: b501a003

----------------
IN: 
0x00010a52:  
OBJD-T: 0400

----------------
IN: 
0x00010a54:  
OBJD-T: 35aff10f

----------------
IN: 
0x00010a58:  
OBJD-T: 970f0010

----------------
IN: 
0x00010a5c:  
OBJD-T: 59208e01

----------------
IN: 
0x00010a60:  
OBJD-T: 871f0000

----------------
IN: 
0x00010a64:  
OBJD-T: 950f8c46

----------------
IN: 
0x00010a68:  
OBJD-T: 89018107

----------------
IN: 
0x00010a6c:  
OBJD-T: 15011100

----------------
IN: 
0x00010a70:  
OBJD-T: b660

----------------
IN: 
0x00010a72:  
OBJD-T: feff01c04efe

----------------
IN: 
0x00010a78:  
OBJD-T: 5650

----------------
IN: 
0x000103ac:  
OBJD-T: 4100a502

----------------
IN: 
0x000103b0:  
OBJD-T: 0008

----------------
IN: 
0x000103b2:  
OBJD-T: 06f8

----------------
IN: 
0x000103b4:  
OBJD-T: 0e00e9200cc5

----------------
IN: 
0x000103ba:  
OBJD-T: 0e00e9206cc4

----------------
IN: 
0x000103c0:  
OBJD-T: 872f0000

----------------
IN: 
0x000103c4:  
OBJD-T: 15010c00

----------------
IN: 
0x000103c8:  
OBJD-T: 2e1197413423

----------------
IN: 
0x000103ce:  
OBJD-T: 2e2059a02102

----------------
IN: 
0x000103d4:  
OBJD-T: 872f0000

----------------
IN: 
0x000103d8:  
OBJD-T: 950f4c00

----------------
IN: 
0x000103dc:  
OBJD-T: 45018207

----------------
IN: 
0x000103e0:  
OBJD-T: 06f0

----------------
IN: 
0x000103e2:  
OBJD-T: 96f8

----------------
IN: 
0x000103e4:  
OBJD-T: 770fcc17

----------------
IN: 
0x000103e8:  
OBJD-T: 0e00b92f0e0e

----------------
IN: 
0x000103ee:  
OBJD-T: 1c56

----------------
IN: 
0x000103f0:  
OBJD-T: c50f3c06

----------------
IN: 
0x000103f4:  
OBJD-T: 05318e07

----------------
IN: 
0x000103f8:  
OBJD-T: 4130a502

----------------
IN: 
0x00010a7a:  
OBJD-T: b429

----------------
IN: 
0x00010a7c:  
OBJD-T: 8618

----------------
IN: 
0x00010a7e:  
OBJD-T: f680

----------------
IN: 
0x00010a80:  
OBJD-T: 0008

----------------
IN: 
0x00010a82:  
OBJD-T: b5010005

----------------
IN: 
0x00010a86:  
OBJD-T: 5610

----------------
IN: 
0x00010a88:  
OBJD-T: 0400

----------------
IN: 
0x00010a8a:  
OBJD-T: 35aff10f

----------------
IN: 
0x00010a8e:  
OBJD-T: 970f0010

----------------
IN: 
0x00010a92:  
OBJD-T: 59208e01

----------------
IN: 
0x00010a96:  
OBJD-T: 871f0000

----------------
IN: 
0x00010a9a:  
OBJD-T: 950f9c36

----------------
IN: 
0x00010a9e:  
OBJD-T: 89018107

----------------
IN: 
0x00010aa2:  
OBJD-T: 15011100

----------------
IN: 
0x00010aa6:  
OBJD-T: b668

----------------
IN: 
0x00010aa8:  
OBJD-T: 0008

----------------
IN: 
0x00010aaa:  
OBJD-T: b5010002

----------------
IN: 
0x00010aae:  
OBJD-T: 5610

----------------
IN: 
0x00010ab0:  
OBJD-T: 0400

----------------
IN: 
0x00010ab2:  
OBJD-T: 35aff10f

----------------
IN: 
0x00010ab6:  
OBJD-T: 970f0010

----------------
IN: 
0x00010aba:  
OBJD-T: 59208e01

----------------
IN: 
0x00010abe:  
OBJD-T: 871f0000

----------------
IN: 
0x00010ac2:  
OBJD-T: 950fdc45

----------------
IN: 
0x00010ac6:  
OBJD-T: 89018107

----------------
IN: 
0x00010aca:  
OBJD-T: 15011100

----------------
IN: 
0x00010ace:  
OBJD-T: b658

----------------
IN: 
0x00010ad0:  
OBJD-T: 0008

----------------
IN: 
0x00010ad2:  
OBJD-T: 170f0010

----------------
IN: 
0x00010ad6:  
OBJD-T: 5920c701

----------------
IN: 
0x00010ada:  
OBJD-T: 5920c701

----------------
IN: 
0x00010ade:  
OBJD-T: 5920c701

----------------
IN: 
0x00010ae2:  
OBJD-T: 5920c701

----------------
IN: 
0x00010ae6:  
OBJD-T: 59a0c701

----------------
IN: 
0x00010aea:  
OBJD-T: 59a0c701

----------------
IN: 
0x00010aee:  
OBJD-T: 5920c701

----------------
IN: 
0x00010af2:  
OBJD-T: b50f7003

----------------
IN: 
0x00010af6:  
OBJD-T: 2a07

----------------
IN: 
0x00010af8:  
OBJD-T: 0610

----------------
IN: 
0x00010afa:  
OBJD-T: b501a003

----------------
IN: 
0x00010afe:  
OBJD-T: 0400

----------------
IN: 
0x00010b00:  
OBJD-T: 35aff10f

----------------
IN: 
0x00010b04:  
OBJD-T: 970f0010

----------------
IN: 
0x00010b08:  
OBJD-T: 59208e01

----------------
IN: 
0x00010b0c:  
OBJD-T: 871f0000

----------------
IN: 
0x00010b10:  
OBJD-T: 950f8c46

----------------
IN: 
0x00010b14:  
OBJD-T: 89018107

----------------
IN: 
0x00010b18:  
OBJD-T: 15011100

----------------
IN: 
0x00010b1c:  
OBJD-T: b660

----------------
IN: 
0x00010b1e:  
OBJD-T: feff01c037fe

----------------
IN: 
0x00010b24:  
OBJD-T: 5650

----------------
IN: 
0x000103fc:  
OBJD-T: 4100a502

----------------
IN: 
0x00010400:  
OBJD-T: 0008

----------------
IN: 
0x00010402:  
OBJD-T: 06f8

----------------
IN: 
0x00010404:  
OBJD-T: 0e00e9200cc0

----------------
IN: 
0x0001040a:  
OBJD-T: 0e00e9206cbf

----------------
IN: 
0x00010410:  
OBJD-T: 872f0000

----------------
IN: 
0x00010414:  
OBJD-T: 15010c00

----------------
IN: 
0x00010418:  
OBJD-T: 6e5597817867

----------------
IN: 
0x0001041e:  
OBJD-T: 3e2059e02108

----------------
IN: 
0x00010424:  
OBJD-T: 872f0000

----------------
IN: 
0x00010428:  
OBJD-T: 950f4c00

----------------
IN: 
0x0001042c:  
OBJD-T: 45018207

----------------
IN: 
0x00010430:  
OBJD-T: 06f0

----------------
IN: 
0x00010432:  
OBJD-T: 96f8

----------------
IN: 
0x00010434:  
OBJD-T: 770fcc17

----------------
IN: 
0x00010438:  
OBJD-T: 0e00b92fe40d

----------------
IN: 
0x0001043e:  
OBJD-T: 1c56

----------------
IN: 
0x00010440:  
OBJD-T: c50f3c06

----------------
IN: 
0x00010444:  
OBJD-T: 05318e07

----------------
IN: 
0x00010448:  
OBJD-T: 4130a502

----------------
IN: 
0x00010b26:  
OBJD-T: d424

----------------
IN: 
0x00010b28:  
OBJD-T: 8618

----------------
IN: 
0x00010b2a:  
OBJD-T: f680

----------------
IN: 
0x00010b2c:  
OBJD-T: 0008

----------------
IN: 
0x00010b2e:  
OBJD-T: b5010005

----------------
IN: 
0x00010b32:  
OBJD-T: 5610

----------------
IN: 
0x00010b34:  
OBJD-T: 0400

----------------
IN: 
0x00010b36:  
OBJD-T: 35aff10f

----------------
IN: 
0x00010b3a:  
OBJD-T: 970f0010

----------------
IN: 
0x00010b3e:  
OBJD-T: 59208e01

----------------
IN: 
0x00010b42:  
OBJD-T: 871f0000

----------------
IN: 
0x00010b46:  
OBJD-T: 950f9c36

----------------
IN: 
0x00010b4a:  
OBJD-T: 89018107

----------------
IN: 
0x00010b4e:  
OBJD-T: 15011100

----------------
IN: 
0x00010b52:  
OBJD-T: b668

----------------
IN: 
0x00010b54:  
OBJD-T: 0008

----------------
IN: 
0x00010b56:  
OBJD-T: b5010002

----------------
IN: 
0x00010b5a:  
OBJD-T: 5610

----------------
IN: 
0x00010b5c:  
OBJD-T: 0400

----------------
IN: 
0x00010b5e:  
OBJD-T: 35aff10f

----------------
IN: 
0x00010b62:  
OBJD-T: 970f0010

----------------
IN: 
0x00010b66:  
OBJD-T: 59208e01

----------------
IN: 
0x00010b6a:  
OBJD-T: 871f0000

----------------
IN: 
0x00010b6e:  
OBJD-T: 950fdc45

----------------
IN: 
0x00010b72:  
OBJD-T: 89018107

----------------
IN: 
0x00010b76:  
OBJD-T: 15011100

----------------
IN: 
0x00010b7a:  
OBJD-T: b658

----------------
IN: 
0x00010b7c:  
OBJD-T: 0008

----------------
IN: 
0x00010b7e:  
OBJD-T: 170f0010

----------------
IN: 
0x00010b82:  
OBJD-T: 5920c701

----------------
IN: 
0x00010b86:  
OBJD-T: 5920c701

----------------
IN: 
0x00010b8a:  
OBJD-T: 5920c701

----------------
IN: 
0x00010b8e:  
OBJD-T: 5920c701

----------------
IN: 
0x00010b92:  
OBJD-T: 59a0c701

----------------
IN: 
0x00010b96:  
OBJD-T: 59a0c701

----------------
IN: 
0x00010b9a:  
OBJD-T: 5920c701

----------------
IN: 
0x00010b9e:  
OBJD-T: b50f8003

----------------
IN: 
0x00010ba2:  
OBJD-T: 2a07

----------------
IN: 
0x00010ba4:  
OBJD-T: 0610

----------------
IN: 
0x00010ba6:  
OBJD-T: b501a003

----------------
IN: 
0x00010baa:  
OBJD-T: 0400

----------------
IN: 
0x00010bac:  
OBJD-T: 35aff10f

----------------
IN: 
0x00010bb0:  
OBJD-T: 970f0010

----------------
IN: 
0x00010bb4:  
OBJD-T: 59208e01

----------------
IN: 
0x00010bb8:  
OBJD-T: 871f0000

----------------
IN: 
0x00010bbc:  
OBJD-T: 950f8c46

----------------
IN: 
0x00010bc0:  
OBJD-T: 89018107

----------------
IN: 
0x00010bc4:  
OBJD-T: 15011100

----------------
IN: 
0x00010bc8:  
OBJD-T: b660

----------------
IN: 
0x00010bca:  
OBJD-T: feff01c020fe

----------------
IN: 
0x00010bd0:  
OBJD-T: 5650

----------------
IN: 
0x0001044c:  
OBJD-T: 4100a502

----------------
IN: 
0x00010450:  
OBJD-T: 0008

----------------
IN: 
0x00010452:  
OBJD-T: 06f8

----------------
IN: 
0x00010454:  
OBJD-T: 0e00e9200cbb

----------------
IN: 
0x0001045a:  
OBJD-T: 0e00e9206cba

----------------
IN: 
0x00010460:  
OBJD-T: 15010002

----------------
IN: 
0x00010464:  
OBJD-T: ae9917cfbcab

----------------
IN: 
0x0001046a:  
OBJD-T: 857f2e00

----------------
IN: 
0x0001046e:  
OBJD-T: 05512c00

----------------
IN: 
0x00010472:  
OBJD-T: 872f0000

----------------
IN: 
0x00010476:  
OBJD-T: 15020c00

----------------
IN: 
0x0001047a:  
OBJD-T: 2e2859604108

----------------
IN: 
0x00010480:  
OBJD-T: 872f0000

----------------
IN: 
0x00010484:  
OBJD-T: 950f4c00

----------------
IN: 
0x00010488:  
OBJD-T: 45818207

----------------
IN: 
0x0001048c:  
OBJD-T: 06f0

----------------
IN: 
0x0001048e:  
OBJD-T: 96f8

----------------
IN: 
0x00010490:  
OBJD-T: 770fcc17

----------------
IN: 
0x00010494:  
OBJD-T: 0e00b92fb80d

----------------
IN: 
0x0001049a:  
OBJD-T: 1c56

----------------
IN: 
0x0001049c:  
OBJD-T: c50fec07

----------------
IN: 
0x000104a0:  
OBJD-T: 05318e07

----------------
IN: 
0x000104a4:  
OBJD-T: 4130a502

----------------
IN: 
0x00010bd2:  
OBJD-T: f41f

----------------
IN: 
0x00010bd4:  
OBJD-T: 8618

----------------
IN: 
0x00010bd6:  
OBJD-T: f680

----------------
IN: 
0x00010bd8:  
OBJD-T: 0008

----------------
IN: 
0x00010bda:  
OBJD-T: b5010005

----------------
IN: 
0x00010bde:  
OBJD-T: 5610

----------------
IN: 
0x00010be0:  
OBJD-T: 0400

----------------
IN: 
0x00010be2:  
OBJD-T: 35aff10f

----------------
IN: 
0x00010be6:  
OBJD-T: 970f0010

----------------
IN: 
0x00010bea:  
OBJD-T: 59208e01

----------------
IN: 
0x00010bee:  
OBJD-T: 871f0000

----------------
IN: 
0x00010bf2:  
OBJD-T: 950f9c36

----------------
IN: 
0x00010bf6:  
OBJD-T: 89018107

----------------
IN: 
0x00010bfa:  
OBJD-T: 15011100

----------------
IN: 
0x00010bfe:  
OBJD-T: b668

----------------
IN: 
0x00010c00:  
OBJD-T: 0008

----------------
IN: 
0x00010c02:  
OBJD-T: b5010002

----------------
IN: 
0x00010c06:  
OBJD-T: 5610

----------------
IN: 
0x00010c08:  
OBJD-T: 0400

----------------
IN: 
0x00010c0a:  
OBJD-T: 35aff10f

----------------
IN: 
0x00010c0e:  
OBJD-T: 970f0010

----------------
IN: 
0x00010c12:  
OBJD-T: 59208e01

----------------
IN: 
0x00010c16:  
OBJD-T: 871f0000

----------------
IN: 
0x00010c1a:  
OBJD-T: 950fdc45

----------------
IN: 
0x00010c1e:  
OBJD-T: 89018107

----------------
IN: 
0x00010c22:  
OBJD-T: 15011100

----------------
IN: 
0x00010c26:  
OBJD-T: b658

----------------
IN: 
0x00010c28:  
OBJD-T: 0008

----------------
IN: 
0x00010c2a:  
OBJD-T: 170f0010

----------------
IN: 
0x00010c2e:  
OBJD-T: 5920c701

----------------
IN: 
0x00010c32:  
OBJD-T: 5920c701

----------------
IN: 
0x00010c36:  
OBJD-T: 5920c701

----------------
IN: 
0x00010c3a:  
OBJD-T: 5920c701

----------------
IN: 
0x00010c3e:  
OBJD-T: 59a0c701

----------------
IN: 
0x00010c42:  
OBJD-T: 59a0c701

----------------
IN: 
0x00010c46:  
OBJD-T: 5920c701

----------------
IN: 
0x00010c4a:  
OBJD-T: b50f9003

----------------
IN: 
0x00010c4e:  
OBJD-T: 2a07

----------------
IN: 
0x00010c50:  
OBJD-T: 0610

----------------
IN: 
0x00010c52:  
OBJD-T: b501a003

----------------
IN: 
0x00010c56:  
OBJD-T: 0400

----------------
IN: 
0x00010c58:  
OBJD-T: 35aff10f

----------------
IN: 
0x00010c5c:  
OBJD-T: 970f0010

----------------
IN: 
0x00010c60:  
OBJD-T: 59208e01

----------------
IN: 
0x00010c64:  
OBJD-T: 871f0000

----------------
IN: 
0x00010c68:  
OBJD-T: 950f8c46

----------------
IN: 
0x00010c6c:  
OBJD-T: 89018107

----------------
IN: 
0x00010c70:  
OBJD-T: 15011100

----------------
IN: 
0x00010c74:  
OBJD-T: b660

----------------
IN: 
0x00010c76:  
OBJD-T: feff01c00cfe

----------------
IN: 
0x00010c7c:  
OBJD-T: 5650

----------------
IN: 
0x000104a8:  
OBJD-T: 4100a502

----------------
IN: 
0x000104ac:  
OBJD-T: 0008

----------------
IN: 
0x000104ae:  
OBJD-T: 150f0002

----------------
IN: 
0x000104b2:  
OBJD-T: be9a970fefcd

----------------
IN: 
0x000104b8:  
OBJD-T: 857fcc01

----------------
IN: 
0x000104bc:  
OBJD-T: 055fcc01

----------------
IN: 
0x000104c0:  
OBJD-T: 871f0000

----------------
IN: 
0x000104c4:  
OBJD-T: 95010c47

----------------
IN: 
0x000104c8:  
OBJD-T: 1e2099e10100

----------------
IN: 
0x000104ce:  
OBJD-T: 4501c207

----------------
IN: 
0x000104d2:  
OBJD-T: 06f0

----------------
IN: 
0x000104d4:  
OBJD-T: 96f8

----------------
IN: 
0x000104d6:  
OBJD-T: 770fcc17

----------------
IN: 
0x000104da:  
OBJD-T: 3e12978f6745

----------------
IN: 
0x000104e0:  
OBJD-T: c58f8107

----------------
IN: 
0x000104e4:  
OBJD-T: 05318e07

----------------
IN: 
0x000104e8:  
OBJD-T: 4130a502

----------------
IN: 
0x00010c7e:  
OBJD-T: 141b

----------------
IN: 
0x00010c80:  
OBJD-T: 8618

----------------
IN: 
0x00010c82:  
OBJD-T: f680

----------------
IN: 
0x00010c84:  
OBJD-T: 0008

----------------
IN: 
0x00010c86:  
OBJD-T: b5010005

----------------
IN: 
0x00010c8a:  
OBJD-T: 5610

----------------
IN: 
0x00010c8c:  
OBJD-T: 0400

----------------
IN: 
0x00010c8e:  
OBJD-T: 35aff10f

----------------
IN: 
0x00010c92:  
OBJD-T: 970f0010

----------------
IN: 
0x00010c96:  
OBJD-T: 59208e01

----------------
IN: 
0x00010c9a:  
OBJD-T: 871f0000

----------------
IN: 
0x00010c9e:  
OBJD-T: 950f9c36

----------------
IN: 
0x00010ca2:  
OBJD-T: 89018107

----------------
IN: 
0x00010ca6:  
OBJD-T: 15011100

----------------
IN: 
0x00010caa:  
OBJD-T: b668

----------------
IN: 
0x00010cac:  
OBJD-T: 0008

----------------
IN: 
0x00010cae:  
OBJD-T: b5010002

----------------
IN: 
0x00010cb2:  
OBJD-T: 5610

----------------
IN: 
0x00010cb4:  
OBJD-T: 0400

----------------
IN: 
0x00010cb6:  
OBJD-T: 35aff10f

----------------
IN: 
0x00010cba:  
OBJD-T: 970f0010

----------------
IN: 
0x00010cbe:  
OBJD-T: 59208e01

----------------
IN: 
0x00010cc2:  
OBJD-T: 871f0000

----------------
IN: 
0x00010cc6:  
OBJD-T: 950fdc45

----------------
IN: 
0x00010cca:  
OBJD-T: 89018107

----------------
IN: 
0x00010cce:  
OBJD-T: 15011100

----------------
IN: 
0x00010cd2:  
OBJD-T: b658

----------------
IN: 
0x00010cd4:  
OBJD-T: 0008

----------------
IN: 
0x00010cd6:  
OBJD-T: 170f0010

----------------
IN: 
0x00010cda:  
OBJD-T: 5920c701

----------------
IN: 
0x00010cde:  
OBJD-T: 5920c701

----------------
IN: 
0x00010ce2:  
OBJD-T: 5920c701

----------------
IN: 
0x00010ce6:  
OBJD-T: 5920c701

----------------
IN: 
0x00010cea:  
OBJD-T: 59a0c701

----------------
IN: 
0x00010cee:  
OBJD-T: 59a0c701

----------------
IN: 
0x00010cf2:  
OBJD-T: 5920c701

----------------
IN: 
0x00010cf6:  
OBJD-T: b50f1004

----------------
IN: 
0x00010cfa:  
OBJD-T: 2a07

----------------
IN: 
0x00010cfc:  
OBJD-T: 0610

----------------
IN: 
0x00010cfe:  
OBJD-T: b501a003

----------------
IN: 
0x00010d02:  
OBJD-T: 0400

----------------
IN: 
0x00010d04:  
OBJD-T: 35aff10f

----------------
IN: 
0x00010d08:  
OBJD-T: 970f0010

----------------
IN: 
0x00010d0c:  
OBJD-T: 59208e01

----------------
IN: 
0x00010d10:  
OBJD-T: 871f0000

----------------
IN: 
0x00010d14:  
OBJD-T: 950f8c46

----------------
IN: 
0x00010d18:  
OBJD-T: 89018107

----------------
IN: 
0x00010d1c:  
OBJD-T: 15011100

----------------
IN: 
0x00010d20:  
OBJD-T: b660

----------------
IN: 
0x00010d22:  
OBJD-T: feff01c0f2fd

----------------
IN: 
0x00010d28:  
OBJD-T: 5650

----------------
IN: 
0x000104ec:  
OBJD-T: 4100a502

----------------
IN: 
0x000104f0:  
OBJD-T: 0008

----------------
IN: 
0x000104f2:  
OBJD-T: 06f8

----------------
IN: 
0x000104f4:  
OBJD-T: 0e00e9200cb1

----------------
IN: 
0x000104fa:  
OBJD-T: 0e00e9206cb0

----------------
IN: 
0x00010500:  
OBJD-T: 15010002

----------------
IN: 
0x00010504:  
OBJD-T: bea0170f0d0c

----------------
IN: 
0x0001050a:  
OBJD-T: 857f2e00

----------------
IN: 
0x0001050e:  
OBJD-T: 05512c00

----------------
IN: 
0x00010512:  
OBJD-T: 872f0000

----------------
IN: 
0x00010516:  
OBJD-T: 15020c00

----------------
IN: 
0x0001051a:  
OBJD-T: 0e0197423020

----------------
IN: 
0x00010520:  
OBJD-T: 9e0059a04200

----------------
IN: 
0x00010526:  
OBJD-T: 0e00b92f6f0d

----------------
IN: 
0x0001052c:  
OBJD-T: 1c56

----------------
IN: 
0x0001052e:  
OBJD-T: 4501cc07

----------------
IN: 
0x00010532:  
OBJD-T: 06f0

----------------
IN: 
0x00010534:  
OBJD-T: 96f8

----------------
IN: 
0x00010536:  
OBJD-T: 770fcc17

----------------
IN: 
0x0001053a:  
OBJD-T: 0e00b92f630d

----------------
IN: 
0x00010540:  
OBJD-T: 1c56

----------------
IN: 
0x00010542:  
OBJD-T: c50f5c06

----------------
IN: 
0x00010546:  
OBJD-T: 05318e07

----------------
IN: 
0x0001054a:  
OBJD-T: 4130a502

----------------
IN: 
0x00010d2a:  
OBJD-T: 3416

----------------
IN: 
0x00010d2c:  
OBJD-T: 8618

----------------
IN: 
0x00010d2e:  
OBJD-T: f680

----------------
IN: 
0x00010d30:  
OBJD-T: 0008

----------------
IN: 
0x00010d32:  
OBJD-T: b5010005

----------------
IN: 
0x00010d36:  
OBJD-T: 5610

----------------
IN: 
0x00010d38:  
OBJD-T: 0400

----------------
IN: 
0x00010d3a:  
OBJD-T: 35aff10f

----------------
IN: 
0x00010d3e:  
OBJD-T: 970f0010

----------------
IN: 
0x00010d42:  
OBJD-T: 59208e01

----------------
IN: 
0x00010d46:  
OBJD-T: 871f0000

----------------
IN: 
0x00010d4a:  
OBJD-T: 950f9c36

----------------
IN: 
0x00010d4e:  
OBJD-T: 89018107

----------------
IN: 
0x00010d52:  
OBJD-T: 15011100

----------------
IN: 
0x00010d56:  
OBJD-T: b668

----------------
IN: 
0x00010d58:  
OBJD-T: 0008

----------------
IN: 
0x00010d5a:  
OBJD-T: b5010002

----------------
IN: 
0x00010d5e:  
OBJD-T: 5610

----------------
IN: 
0x00010d60:  
OBJD-T: 0400

----------------
IN: 
0x00010d62:  
OBJD-T: 35aff10f

----------------
IN: 
0x00010d66:  
OBJD-T: 970f0010

----------------
IN: 
0x00010d6a:  
OBJD-T: 59208e01

----------------
IN: 
0x00010d6e:  
OBJD-T: 871f0000

----------------
IN: 
0x00010d72:  
OBJD-T: 950fdc45

----------------
IN: 
0x00010d76:  
OBJD-T: 89018107

----------------
IN: 
0x00010d7a:  
OBJD-T: 15011100

----------------
IN: 
0x00010d7e:  
OBJD-T: b658

----------------
IN: 
0x00010d80:  
OBJD-T: 0008

----------------
IN: 
0x00010d82:  
OBJD-T: 170f0010

----------------
IN: 
0x00010d86:  
OBJD-T: 5920c701

----------------
IN: 
0x00010d8a:  
OBJD-T: 5920c701

----------------
IN: 
0x00010d8e:  
OBJD-T: 5920c701

----------------
IN: 
0x00010d92:  
OBJD-T: 5920c701

----------------
IN: 
0x00010d96:  
OBJD-T: 59a0c701

----------------
IN: 
0x00010d9a:  
OBJD-T: 59a0c701

----------------
IN: 
0x00010d9e:  
OBJD-T: 5920c701

----------------
IN: 
0x00010da2:  
OBJD-T: b50f2004

----------------
IN: 
0x00010da6:  
OBJD-T: 2a07

----------------
IN: 
0x00010da8:  
OBJD-T: 0610

----------------
IN: 
0x00010daa:  
OBJD-T: b501a003

----------------
IN: 
0x00010dae:  
OBJD-T: 0400

----------------
IN: 
0x00010db0:  
OBJD-T: 35aff10f

----------------
IN: 
0x00010db4:  
OBJD-T: 970f0010

----------------
IN: 
0x00010db8:  
OBJD-T: 59208e01

----------------
IN: 
0x00010dbc:  
OBJD-T: 871f0000

----------------
IN: 
0x00010dc0:  
OBJD-T: 950f8c46

----------------
IN: 
0x00010dc4:  
OBJD-T: 89018107

----------------
IN: 
0x00010dc8:  
OBJD-T: 15011100

----------------
IN: 
0x00010dcc:  
OBJD-T: b660

----------------
IN: 
0x00010dce:  
OBJD-T: feff0140e0fd

----------------
IN: 
0x00010dd4:  
OBJD-T: 5650

----------------
IN: 
0x0001054e:  
OBJD-T: 4100a502

----------------
IN: 
0x00010552:  
OBJD-T: 0008

----------------
IN: 
0x00010554:  
OBJD-T: 06f8

----------------
IN: 
0x00010556:  
OBJD-T: 0e00e9206cab

----------------
IN: 
0x0001055c:  
OBJD-T: 0e00e920ccaa

----------------
IN: 
0x00010562:  
OBJD-T: 15010002

----------------
IN: 
0x00010566:  
OBJD-T: feee171f01f0

----------------
IN: 
0x0001056c:  
OBJD-T: 857f2e00

----------------
IN: 
0x00010570:  
OBJD-T: 05512c00

----------------
IN: 
0x00010574:  
OBJD-T: 872f0000

----------------
IN: 
0x00010578:  
OBJD-T: 15020c00

----------------
IN: 
0x0001057c:  
OBJD-T: 0e0a97d2c0b0

----------------
IN: 
0x00010582:  
OBJD-T: 9e0059e04210

----------------
IN: 
0x00010588:  
OBJD-T: 0e00b92f420d

----------------
IN: 
0x0001058e:  
OBJD-T: 1c56

----------------
IN: 
0x00010590:  
OBJD-T: 4501cc07

----------------
IN: 
0x00010594:  
OBJD-T: 06f0

----------------
IN: 
0x00010596:  
OBJD-T: 96f8

----------------
IN: 
0x00010598:  
OBJD-T: 770fcc17

----------------
IN: 
0x0001059c:  
OBJD-T: 0e00b92f360d

----------------
IN: 
0x000105a2:  
OBJD-T: 1c56

----------------
IN: 
0x000105a4:  
OBJD-T: c50f5c06

----------------
IN: 
0x000105a8:  
OBJD-T: 05318e07

----------------
IN: 
0x000105ac:  
OBJD-T: 4130a502

----------------
IN: 
0x00010dd6:  
OBJD-T: 5411

----------------
IN: 
0x00010dd8:  
OBJD-T: 8618

----------------
IN: 
0x00010dda:  
OBJD-T: f680

----------------
IN: 
0x00010ddc:  
OBJD-T: 0008

----------------
IN: 
0x00010dde:  
OBJD-T: b5010005

----------------
IN: 
0x00010de2:  
OBJD-T: 5610

----------------
IN: 
0x00010de4:  
OBJD-T: 0400

----------------
IN: 
0x00010de6:  
OBJD-T: 35aff10f

----------------
IN: 
0x00010dea:  
OBJD-T: 970f0010

----------------
IN: 
0x00010dee:  
OBJD-T: 59208e01

----------------
IN: 
0x00010df2:  
OBJD-T: 871f0000

----------------
IN: 
0x00010df6:  
OBJD-T: 950f9c36

----------------
IN: 
0x00010dfa:  
OBJD-T: 89018107

----------------
IN: 
0x00010dfe:  
OBJD-T: 15011100

----------------
IN: 
0x00010e02:  
OBJD-T: b668

----------------
IN: 
0x00010e04:  
OBJD-T: 0008

----------------
IN: 
0x00010e06:  
OBJD-T: b5010002

----------------
IN: 
0x00010e0a:  
OBJD-T: 5610

----------------
IN: 
0x00010e0c:  
OBJD-T: 0400

----------------
IN: 
0x00010e0e:  
OBJD-T: 35aff10f

----------------
IN: 
0x00010e12:  
OBJD-T: 970f0010

----------------
IN: 
0x00010e16:  
OBJD-T: 59208e01

----------------
IN: 
0x00010e1a:  
OBJD-T: 871f0000

----------------
IN: 
0x00010e1e:  
OBJD-T: 950fdc45

----------------
IN: 
0x00010e22:  
OBJD-T: 89018107

----------------
IN: 
0x00010e26:  
OBJD-T: 15011100

----------------
IN: 
0x00010e2a:  
OBJD-T: b658

----------------
IN: 
0x00010e2c:  
OBJD-T: 0008

----------------
IN: 
0x00010e2e:  
OBJD-T: 170f0010

----------------
IN: 
0x00010e32:  
OBJD-T: 5920c701

----------------
IN: 
0x00010e36:  
OBJD-T: 5920c701

----------------
IN: 
0x00010e3a:  
OBJD-T: 5920c701

----------------
IN: 
0x00010e3e:  
OBJD-T: 5920c701

----------------
IN: 
0x00010e42:  
OBJD-T: 59a0c701

----------------
IN: 
0x00010e46:  
OBJD-T: 59a0c701

----------------
IN: 
0x00010e4a:  
OBJD-T: 5920c701

----------------
IN: 
0x00010e4e:  
OBJD-T: b50f3004

----------------
IN: 
0x00010e52:  
OBJD-T: 2a07

----------------
IN: 
0x00010e54:  
OBJD-T: 0610

----------------
IN: 
0x00010e56:  
OBJD-T: b501a003

----------------
IN: 
0x00010e5a:  
OBJD-T: 0400

----------------
IN: 
0x00010e5c:  
OBJD-T: 35aff10f

----------------
IN: 
0x00010e60:  
OBJD-T: 970f0010

----------------
IN: 
0x00010e64:  
OBJD-T: 59208e01

----------------
IN: 
0x00010e68:  
OBJD-T: 871f0000

----------------
IN: 
0x00010e6c:  
OBJD-T: 950f8c46

----------------
IN: 
0x00010e70:  
OBJD-T: 89018107

----------------
IN: 
0x00010e74:  
OBJD-T: 15011100

----------------
IN: 
0x00010e78:  
OBJD-T: b660

----------------
IN: 
0x00010e7a:  
OBJD-T: feff01c0cdfd

----------------
IN: 
0x00010e80:  
OBJD-T: 5650

----------------
IN: 
0x000105b0:  
OBJD-T: 4100a502

----------------
IN: 
0x000105b4:  
OBJD-T: 0008

----------------
IN: 
0x000105b6:  
OBJD-T: 15010002

----------------
IN: 
0x000105ba:  
OBJD-T: aede97ffeedb

----------------
IN: 
0x000105c0:  
OBJD-T: 057f2c00

----------------
IN: 
0x000105c4:  
OBJD-T: feca97efabeb

----------------
IN: 
0x000105ca:  
OBJD-T: 857f2c00

----------------
IN: 
0x000105ce:  
OBJD-T: 855f2c00

----------------
IN: 
0x000105d2:  
OBJD-T: 38c7

----------------
IN: 
0x000105d4:  
OBJD-T: 871f0000

----------------
IN: 
0x000105d8:  
OBJD-T: 15028c47

----------------
IN: 
0x000105dc:  
OBJD-T: 1e2819320200

----------------
IN: 
0x000105e2:  
OBJD-T: c5819207

----------------
IN: 
0x000105e6:  
OBJD-T: 06f0

----------------
IN: 
0x000105e8:  
OBJD-T: 96f8

----------------
IN: 
0x000105ea:  
OBJD-T: 770fcc1f

----------------
IN: 
0x000105ee:  
OBJD-T: 2e01977f5634

----------------
IN: 
0x000105f4:  
OBJD-T: 057f2c00

----------------
IN: 
0x000105f8:  
OBJD-T: ae8997ffdebc

----------------
IN: 
0x000105fe:  
OBJD-T: 857f2c00

----------------
IN: 
0x00010602:  
OBJD-T: 855f2c00

----------------
IN: 
0x00010606:  
OBJD-T: 38c7

----------------
IN: 
0x00010608:  
OBJD-T: c50f8207

----------------
IN: 
0x0001060c:  
OBJD-T: 05b18e07

----------------
IN: 
0x00010610:  
OBJD-T: 4130a502

----------------
IN: 
0x00010e82:  
OBJD-T: 740c

----------------
IN: 
0x00010e84:  
OBJD-T: 8618

----------------
IN: 
0x00010e86:  
OBJD-T: f680

----------------
IN: 
0x00010e88:  
OBJD-T: 0008

----------------
IN: 
0x00010e8a:  
OBJD-T: b5010005

----------------
IN: 
0x00010e8e:  
OBJD-T: 5610

----------------
IN: 
0x00010e90:  
OBJD-T: 0400

----------------
IN: 
0x00010e92:  
OBJD-T: 35aff10f

----------------
IN: 
0x00010e96:  
OBJD-T: 970f0010

----------------
IN: 
0x00010e9a:  
OBJD-T: 59208e01

----------------
IN: 
0x00010e9e:  
OBJD-T: 871f0000

----------------
IN: 
0x00010ea2:  
OBJD-T: 950f9c36

----------------
IN: 
0x00010ea6:  
OBJD-T: 89018107

----------------
IN: 
0x00010eaa:  
OBJD-T: 15011100

----------------
IN: 
0x00010eae:  
OBJD-T: b668

----------------
IN: 
0x00010eb0:  
OBJD-T: 0008

----------------
IN: 
0x00010eb2:  
OBJD-T: b5010002

----------------
IN: 
0x00010eb6:  
OBJD-T: 5610

----------------
IN: 
0x00010eb8:  
OBJD-T: 0400

----------------
IN: 
0x00010eba:  
OBJD-T: 35aff10f

----------------
IN: 
0x00010ebe:  
OBJD-T: 970f0010

----------------
IN: 
0x00010ec2:  
OBJD-T: 59208e01

----------------
IN: 
0x00010ec6:  
OBJD-T: 871f0000

----------------
IN: 
0x00010eca:  
OBJD-T: 950fdc45

----------------
IN: 
0x00010ece:  
OBJD-T: 89018107

----------------
IN: 
0x00010ed2:  
OBJD-T: 15011100

----------------
IN: 
0x00010ed6:  
OBJD-T: b658

----------------
IN: 
0x00010ed8:  
OBJD-T: 0008

----------------
IN: 
0x00010eda:  
OBJD-T: 170f0010

----------------
IN: 
0x00010ede:  
OBJD-T: 5920c701

----------------
IN: 
0x00010ee2:  
OBJD-T: 5920c701

----------------
IN: 
0x00010ee6:  
OBJD-T: 5920c701

----------------
IN: 
0x00010eea:  
OBJD-T: 5920c701

----------------
IN: 
0x00010eee:  
OBJD-T: 59a0c701

----------------
IN: 
0x00010ef2:  
OBJD-T: 59a0c701

----------------
IN: 
0x00010ef6:  
OBJD-T: 5920c701

----------------
IN: 
0x00010efa:  
OBJD-T: b50f4004

----------------
IN: 
0x00010efe:  
OBJD-T: 2a07

----------------
IN: 
0x00010f00:  
OBJD-T: 0610

----------------
IN: 
0x00010f02:  
OBJD-T: b501a003

----------------
IN: 
0x00010f06:  
OBJD-T: 0400

----------------
IN: 
0x00010f08:  
OBJD-T: 35aff10f

----------------
IN: 
0x00010f0c:  
OBJD-T: 970f0010

----------------
IN: 
0x00010f10:  
OBJD-T: 59208e01

----------------
IN: 
0x00010f14:  
OBJD-T: 871f0000

----------------
IN: 
0x00010f18:  
OBJD-T: 950f8c46

----------------
IN: 
0x00010f1c:  
OBJD-T: 89018107

----------------
IN: 
0x00010f20:  
OBJD-T: 15011100

----------------
IN: 
0x00010f24:  
OBJD-T: b660

----------------
IN: 
0x00010f26:  
OBJD-T: feff01c0bbfd

----------------
IN: 
0x00010f2c:  
OBJD-T: 5650

----------------
IN: 
0x00010614:  
OBJD-T: 4100a502

----------------
IN: 
0x00010618:  
OBJD-T: 0008

----------------
IN: 
0x0001061a:  
OBJD-T: 15010002

----------------
IN: 
0x0001061e:  
OBJD-T: 3e44971f2132

----------------
IN: 
0x00010624:  
OBJD-T: 057f2c00

----------------
IN: 
0x00010628:  
OBJD-T: 7e88975f6576

----------------
IN: 
0x0001062e:  
OBJD-T: 857f2c00

----------------
IN: 
0x00010632:  
OBJD-T: 055f2e00

----------------
IN: 
0x00010636:  
OBJD-T: 2e11974f3423

----------------
IN: 
0x0001063c:  
OBJD-T: 057f2c00

----------------
IN: 
0x00010640:  
OBJD-T: 6e55978f7867

----------------
IN: 
0x00010646:  
OBJD-T: 1c6e

----------------
IN: 
0x00010648:  
OBJD-T: 05318e07

----------------
IN: 
0x0001064c:  
OBJD-T: 85b1dd07

----------------
IN: 
0x00010650:  
OBJD-T: 0620

----------------
IN: 
0x00010652:  
OBJD-T: 0e00e930629c

----------------
IN: 
0x00010658:  
OBJD-T: 0e00e930829b

----------------
IN: 
0x0001065e:  
OBJD-T: 872f0000

----------------
IN: 
0x00010662:  
OBJD-T: 95020c01

----------------
IN: 
0x00010666:  
OBJD-T: de0059305100

----------------
IN: 
0x0001066c:  
OBJD-T: 0e00b93fd60c

----------------
IN: 
0x00010672:  
OBJD-T: 450f3c06

----------------
IN: 
0x00010676:  
OBJD-T: 96f8

----------------
IN: 
0x00010678:  
OBJD-T: 770f4ce6

----------------
IN: 
0x0001067c:  
OBJD-T: 0e00b93fca0c

----------------
IN: 
0x00010682:  
OBJD-T: c50f2c06

----------------
IN: 
0x00010686:  
OBJD-T: 05318e07

----------------
IN: 
0x0001068a:  
OBJD-T: 4130a502

----------------
IN: 
0x00010f2e:  
OBJD-T: 9407

----------------
IN: 
0x00010f30:  
OBJD-T: 8618

----------------
IN: 
0x00010f32:  
OBJD-T: f680

----------------
IN: 
0x00010f34:  
OBJD-T: 0008

----------------
IN: 
0x00010f36:  
OBJD-T: b5010005

----------------
IN: 
0x00010f3a:  
OBJD-T: 5610

----------------
IN: 
0x00010f3c:  
OBJD-T: 0400

----------------
IN: 
0x00010f3e:  
OBJD-T: 35aff10f

----------------
IN: 
0x00010f42:  
OBJD-T: 970f0010

----------------
IN: 
0x00010f46:  
OBJD-T: 59208e01

----------------
IN: 
0x00010f4a:  
OBJD-T: 871f0000

----------------
IN: 
0x00010f4e:  
OBJD-T: 950f9c36

----------------
IN: 
0x00010f52:  
OBJD-T: 89018107

----------------
IN: 
0x00010f56:  
OBJD-T: 15011100

----------------
IN: 
0x00010f5a:  
OBJD-T: b668

----------------
IN: 
0x00010f5c:  
OBJD-T: 41300511

----------------
IN: 
0x0001001a:  
OBJD-T: 01402500

----------------
IN: 
0x0001001e:  
OBJD-T: 9651

----------------
IN: 
0x00010020:  
OBJD-T: 07110000

----------------
IN: 
0x00010024:  
OBJD-T: 95053139

----------------
IN: 
0x00010028:  
OBJD-T: c612

----------------
IN: 
0x0001002a:  
OBJD-T: 01402100

----------------
IN: 
0x0001002e:  
OBJD-T: 9651

----------------
IN: 
0x00010030:  
OBJD-T: 07110000

----------------
IN: 
0x00010034:  
OBJD-T: 15060130

----------------
IN: 
0x00010038:  
OBJD-T: 0613

----------------
IN: 
0x0001003a:  
OBJD-T: 01401d00

----------------
IN: 
0x0001003e:  
OBJD-T: 5651

----------------
IN: 
0x00010040:  
OBJD-T: 07110000

----------------
IN: 
0x00010044:  
OBJD-T: 1501d139

----------------
IN: 
0x00010048:  
OBJD-T: 01c01900

----------------
IN: 
0x0001004c:  
OBJD-T: 9650

----------------
IN: 
0x0001004e:  
OBJD-T: 0613

----------------
IN: 
0x00010050:  
OBJD-T: 01c01700

----------------
IN: 
0x00010054:  
OBJD-T: 9650

----------------
IN: 
0x00010056:  
OBJD-T: c612

----------------
IN: 
0x00010058:  
OBJD-T: 01c01500

----------------
IN: 
0x0001005c:  
OBJD-T: 5651

----------------
IN: 
0x0001005e:  
OBJD-T: 07110000

----------------
IN: 
0x00010062:  
OBJD-T: 15014133

----------------
IN: 
0x00010066:  
OBJD-T: 01401200

----------------
IN: 
0x0001006a:  
OBJD-T: 9650

----------------
IN: 
0x0001006c:  
OBJD-T: c612

----------------
IN: 
0x0001006e:  
OBJD-T: 01401000

----------------
IN: 
0x00010072:  
OBJD-T: 5651

----------------
IN: 
0x00010074:  
OBJD-T: 07110000

----------------
IN: 
0x00010078:  
OBJD-T: 15016142

----------------
IN: 
0x0001007c:  
OBJD-T: 01c00c00

----------------
IN: 
0x00010080:  
OBJD-T: 5651

----------------
IN: 
0x00010082:  
OBJD-T: 07110000

----------------
IN: 
0x00010086:  
OBJD-T: 1501313f

----------------
IN: 
0x0001008a:  
OBJD-T: 01400900

----------------
IN: 
0x0001008e:  
OBJD-T: 9650

----------------
IN: 
0x00010090:  
OBJD-T: c612

----------------
IN: 
0x00010092:  
OBJD-T: 0008

----------------
IN: 
0x00010094:  
OBJD-T: 01100000

----------------
IN: 
0x00010098:  
OBJD-T: 179f0010

----------------
IN: 
0x0001009c:  
OBJD-T: 975f0000

----------------
IN: 
0x000100a0:  
OBJD-T: 950f5c55

----------------
IN: 
0x000100a4:  
OBJD-T: 2a07

----------------
IN: 
0x000100a6:  
OBJD-T: 01000000

----------------
IN: 
0x000100aa:  
OBJD-T: 0200

----------------
IN: 
0x000100ac:  
OBJD-T: 0000

