----------------
IN: 
0x00010000:  
OBJD-T: 4100c508

----------------
IN: 
0x00010004:  
OBJD-T: 01c02a00565107110000150181510e0001c08f00

----------------
IN: 
0x000100ae:  
OBJD-T: 4100a502

----------------
IN: 
0x000100b2:  
OBJD-T: 6401194201001c510618261e0008

----------------
IN: 
0x000100be:  
OBJD-T: 0008150111000400

----------------
IN: 
0x000100c4:  
OBJD-T: 0400352ff20f970f001059208e018c08194201001c51361e46164130a502

----------------
IN: 
0x000100ce:  
OBJD-T: 59208e01

----------------
IN: 
0x000100d2:  
OBJD-T: 8c08194201001c51361e46164130a502

----------------
IN: 
0x000100de:  
OBJD-T: 4130a502

----------------
IN: 
0x00010012:  
OBJD-T: 0e0001c08f00565001402500

----------------
IN: 
0x00010250:  
OBJD-T: 41002515

----------------
IN: 
0x00010254:  
OBJD-T: 0008350200025610961a0400

----------------
IN: 
0x0001025e:  
OBJD-T: 0400352ff20f970f001059208e01871f0000950f5c600902810715011100b618
OBJD-T: 0008

----------------
IN: 
0x00010268:  
OBJD-T: 59208e01

----------------
IN: 
0x0001026c:  
OBJD-T: 871f0000950f5c600902810715011100b6180008

----------------
IN: 
0x0001027e:  
OBJD-T: 0008970f00103508000359208801592088015920880159208801b508100359a0
OBJD-T: 880135094003592089015920880159a088010610b501a00396600400

----------------
IN: 
0x00010288:  
OBJD-T: 59208801

----------------
IN: 
0x0001028c:  
OBJD-T: 592088015920880159208801b508100359a08801350940035920890159208801
OBJD-T: 59a088010610b501a00396600400

----------------
IN: 
0x0001028c:  
OBJD-T: 59208801

----------------
IN: 
0x00010290:  
OBJD-T: 5920880159208801b508100359a0880135094003592089015920880159a08801
OBJD-T: 0610b501a00396600400

----------------
IN: 
0x00010290:  
OBJD-T: 59208801

----------------
IN: 
0x00010294:  
OBJD-T: 59208801b508100359a0880135094003592089015920880159a088010610b501
OBJD-T: a00396600400

----------------
IN: 
0x00010294:  
OBJD-T: 59208801

----------------
IN: 
0x00010298:  
OBJD-T: b508100359a0880135094003592089015920880159a088010610b501a0039660
OBJD-T: 0400

----------------
IN: 
0x0001029c:  
OBJD-T: 59a08801

----------------
IN: 
0x000102a0:  
OBJD-T: 35094003592089015920880159a088010610b501a00396600400

----------------
IN: 
0x000102a4:  
OBJD-T: 59208901

----------------
IN: 
0x000102a8:  
OBJD-T: 5920880159a088010610b501a00396600400

----------------
IN: 
0x000102a8:  
OBJD-T: 59208801

----------------
IN: 
0x000102ac:  
OBJD-T: 59a088010610b501a00396600400

----------------
IN: 
0x000102ac:  
OBJD-T: 59a08801

----------------
IN: 
0x000102b0:  
OBJD-T: 0610b501a00396600400

----------------
IN: 
0x000102b8:  
OBJD-T: 040035aff10f970f001059208e01871f0000950f0c618901810715011100b660
OBJD-T: 01404403

----------------
IN: 
0x000102c2:  
OBJD-T: 59208e01

----------------
IN: 
0x000102c6:  
OBJD-T: 871f0000950f0c618901810715011100b66001404403

----------------
IN: 
0x000102d8:  
OBJD-T: 01404403d650965ac6125457

----------------
IN: 
0x00010fe8:  
OBJD-T: 4100a504

----------------
IN: 
0x00010fec:  
OBJD-T: 01404000565001c03a00

----------------
IN: 
0x000110ec:  
OBJD-T: 4100a502

----------------
IN: 
0x000110f0:  
OBJD-T: 0008150171004130a502

----------------
IN: 
0x000110f6:  
OBJD-T: 4130a502

----------------
IN: 
0x00010ff2:  
OBJD-T: 01c03a0056504130a504

----------------
IN: 
0x000110dc:  
OBJD-T: 4100a502

----------------
IN: 
0x000110e0:  
OBJD-T: 000856ff050181074130a502

----------------
IN: 
0x000110e8:  
OBJD-T: 4130a502

----------------
IN: 
0x00010ff8:  
OBJD-T: 4130a504

----------------
IN: 
0x000102e2:  
OBJD-T: 5457862096fb36c10008

----------------
IN: 
0x000102ea:  
OBJD-T: 0008b50100055610d6790400

----------------
IN: 
0x000102f4:  
OBJD-T: 040035aff10f970f001059208e01871f0000950f1c518901810715011100b678
OBJD-T: 0008

----------------
IN: 
0x000102fe:  
OBJD-T: 59208e01

----------------
IN: 
0x00010302:  
OBJD-T: 871f0000950f1c518901810715011100b6780008

----------------
IN: 
0x00010314:  
OBJD-T: 0008b501000256100400

----------------
IN: 
0x0001031c:  
OBJD-T: 040035aff10f970f001059208e01871f0000950f5c608901810715011100b658
OBJD-T: 0008

----------------
IN: 
0x00010326:  
OBJD-T: 59208e01

----------------
IN: 
0x0001032a:  
OBJD-T: 871f0000950f5c608901810715011100b6580008

----------------
IN: 
0x0001033c:  
OBJD-T: 0008170f00105920c8015920c8015920c8015920c80159a0c8015920c9015920
OBJD-T: c801b50f20032a070610b501a0030400

----------------
IN: 
0x00010342:  
OBJD-T: 5920c801

----------------
IN: 
0x00010346:  
OBJD-T: 5920c8015920c8015920c80159a0c8015920c9015920c801b50f20032a070610
OBJD-T: b501a0030400

----------------
IN: 
0x00010346:  
OBJD-T: 5920c801

----------------
IN: 
0x0001034a:  
OBJD-T: 5920c8015920c80159a0c8015920c9015920c801b50f20032a070610b501a003
OBJD-T: 0400

----------------
IN: 
0x0001034a:  
OBJD-T: 5920c801

----------------
IN: 
0x0001034e:  
OBJD-T: 5920c80159a0c8015920c9015920c801b50f20032a070610b501a0030400

----------------
IN: 
0x0001034e:  
OBJD-T: 5920c801

----------------
IN: 
0x00010352:  
OBJD-T: 59a0c8015920c9015920c801b50f20032a070610b501a0030400

----------------
IN: 
0x00010352:  
OBJD-T: 59a0c801

----------------
IN: 
0x00010356:  
OBJD-T: 5920c9015920c801b50f20032a070610b501a0030400

----------------
IN: 
0x00010356:  
OBJD-T: 5920c901

----------------
IN: 
0x0001035a:  
OBJD-T: 5920c801b50f20032a070610b501a0030400

----------------
IN: 
0x0001035a:  
OBJD-T: 5920c801

----------------
IN: 
0x0001035e:  
OBJD-T: b50f20032a070610b501a0030400

----------------
IN: 
0x00010362:  
OBJD-T: 2a07

----------------
IN: 
0x00010364:  
OBJD-T: 0610b501a0030400

----------------
IN: 
0x0001036a:  
OBJD-T: 040035aff10f970f001059208e01871f0000950f0c618901810715011100b660
OBJD-T: 01c0a303

----------------
IN: 
0x00010374:  
OBJD-T: 59208e01

----------------
IN: 
0x00010378:  
OBJD-T: 871f0000950f0c618901810715011100b66001c0a303

----------------
IN: 
0x0001038a:  
OBJD-T: 01c0a30356507452

----------------
IN: 
0x00011218:  
OBJD-T: 4100a504

----------------
IN: 
0x0001121c:  
OBJD-T: 014073ff9650561101400500

----------------
IN: 
0x00011224:  
OBJD-T: 01400500d6501501210001c06eff

----------------
IN: 
0x00011238:  
OBJD-T: 4100a502

----------------
IN: 
0x0001123c:  
OBJD-T: 0008157111004130a502

----------------
IN: 
0x00011242:  
OBJD-T: 4130a502

----------------
IN: 
0x0001122e:  
OBJD-T: 01c06eff56504130a504

----------------
IN: 
0x00011234:  
OBJD-T: 4130a504

----------------
IN: 
0x00010390:  
OBJD-T: 74528620950fa00136c10008

----------------
IN: 
0x0001039a:  
OBJD-T: 0008b501000556100400

----------------
IN: 
0x000103a2:  
OBJD-T: 040035aff10f970f001059208e01871f0000950f1c518901810715011100b678
OBJD-T: 0008

----------------
IN: 
0x000103ac:  
OBJD-T: 59208e01

----------------
IN: 
0x000103b0:  
OBJD-T: 871f0000950f1c518901810715011100b6780008

----------------
IN: 
0x000103c2:  
OBJD-T: 0008b501000256100400

----------------
IN: 
0x000103ca:  
OBJD-T: 040035aff10f970f001059208e01871f0000950f5c608901810715011100b658
OBJD-T: 0008

----------------
IN: 
0x000103d4:  
OBJD-T: 59208e01

----------------
IN: 
0x000103d8:  
OBJD-T: 871f0000950f5c608901810715011100b6580008

----------------
IN: 
0x000103ea:  
OBJD-T: 0008170f00105920c8015920c8015920c8015920c80159a0c8015920c9015920
OBJD-T: c801b50f30032a070610b501a0030400

----------------
IN: 
0x000103f0:  
OBJD-T: 5920c801

----------------
IN: 
0x000103f4:  
OBJD-T: 5920c8015920c8015920c80159a0c8015920c9015920c801b50f30032a070610
OBJD-T: b501a0030400

----------------
IN: 
0x000103f4:  
OBJD-T: 5920c801

----------------
IN: 
0x000103f8:  
OBJD-T: 5920c8015920c80159a0c8015920c9015920c801b50f30032a070610b501a003
OBJD-T: 0400

----------------
IN: 
0x000103f8:  
OBJD-T: 5920c801

----------------
IN: 
0x000103fc:  
OBJD-T: 5920c80159a0c8015920c9015920c801b50f30032a070610b501a0030400

----------------
IN: 
0x000103fc:  
OBJD-T: 5920c801

----------------
IN: 
0x00010400:  
OBJD-T: 59a0c8015920c9015920c801b50f30032a070610b501a0030400

----------------
IN: 
0x00010400:  
OBJD-T: 59a0c801

----------------
IN: 
0x00010404:  
OBJD-T: 5920c9015920c801b50f30032a070610b501a0030400

----------------
IN: 
0x00010404:  
OBJD-T: 5920c901

----------------
IN: 
0x00010408:  
OBJD-T: 5920c801b50f30032a070610b501a0030400

----------------
IN: 
0x00010408:  
OBJD-T: 5920c801

----------------
IN: 
0x0001040c:  
OBJD-T: b50f30032a070610b501a0030400

----------------
IN: 
0x00010410:  
OBJD-T: 2a07

----------------
IN: 
0x00010412:  
OBJD-T: 0610b501a0030400

----------------
IN: 
0x00010418:  
OBJD-T: 040035aff10f970f001059208e01871f0000950f0c618901810715011100b660
OBJD-T: 01c08303

----------------
IN: 
0x00010422:  
OBJD-T: 59208e01

----------------
IN: 
0x00010426:  
OBJD-T: 871f0000950f0c618901810715011100b66001c08303

----------------
IN: 
0x00010438:  
OBJD-T: 01c0830396501612944d

----------------
IN: 
0x00011246:  
OBJD-T: 4100a502

----------------
IN: 
0x0001124a:  
OBJD-T: a4030618a6180008

----------------
IN: 
0x00011250:  
OBJD-T: 0008d6ff850181071502000285ff410085524c0096ff05038107857f4300055f
OBJD-T: 4c0085df4100c70fcc01055f4300c7efc2c1470fcd01855f4c00050f8e0785ff
OBJD-T: 4c00478ff20108c7c56fcc07058f8e07c78f6100c78f3100050f8107950ff003
OBJD-T: 05ff8e01955f1d0038e685918e070008

----------------
IN: 
0x000112be:  
OBJD-T: 0008c6104130a502

----------------
IN: 
0x000112c2:  
OBJD-T: 4130a502

----------------
IN: 
0x00010440:  
OBJD-T: 944d8620950f400236c10008

----------------
IN: 
0x0001044a:  
OBJD-T: 0008b501000556100400

----------------
IN: 
0x00010452:  
OBJD-T: 040035aff10f970f001059208e01871f0000950f1c518901810715011100b678
OBJD-T: 0008

----------------
IN: 
0x0001045c:  
OBJD-T: 59208e01

----------------
IN: 
0x00010460:  
OBJD-T: 871f0000950f1c518901810715011100b6780008

----------------
IN: 
0x00010472:  
OBJD-T: 0008b501000256100400

----------------
IN: 
0x0001047a:  
OBJD-T: 040035aff10f970f001059208e01871f0000950f5c608901810715011100b658
OBJD-T: 0008

----------------
IN: 
0x00010484:  
OBJD-T: 59208e01

----------------
IN: 
0x00010488:  
OBJD-T: 871f0000950f5c608901810715011100b6580008

----------------
IN: 
0x0001049a:  
OBJD-T: 0008970f00105920880159208801592088015920880159a08801592089015920
OBJD-T: 8801592089010610b501a0030400

----------------
IN: 
0x000104a0:  
OBJD-T: 59208801

----------------
IN: 
0x000104a4:  
OBJD-T: 59208801592088015920880159a088015920890159208801592089010610b501
OBJD-T: a0030400

----------------
IN: 
0x000104a4:  
OBJD-T: 59208801

----------------
IN: 
0x000104a8:  
OBJD-T: 592088015920880159a088015920890159208801592089010610b501a0030400

----------------
IN: 
0x000104a8:  
OBJD-T: 59208801

----------------
IN: 
0x000104ac:  
OBJD-T: 5920880159a088015920890159208801592089010610b501a0030400

----------------
IN: 
0x000104ac:  
OBJD-T: 59208801

----------------
IN: 
0x000104b0:  
OBJD-T: 59a088015920890159208801592089010610b501a0030400

----------------
IN: 
0x000104b0:  
OBJD-T: 59a08801

----------------
IN: 
0x000104b4:  
OBJD-T: 5920890159208801592089010610b501a0030400

----------------
IN: 
0x000104b4:  
OBJD-T: 59208901

----------------
IN: 
0x000104b8:  
OBJD-T: 59208801592089010610b501a0030400

----------------
IN: 
0x000104b8:  
OBJD-T: 59208801

----------------
IN: 
0x000104bc:  
OBJD-T: 592089010610b501a0030400

----------------
IN: 
0x000104bc:  
OBJD-T: 59208901

----------------
IN: 
0x000104c0:  
OBJD-T: 0610b501a0030400

----------------
IN: 
0x000104c6:  
OBJD-T: 040035aff10f970f001059208e01871f0000950f0c618901810715011100b660
OBJD-T: 01407803

----------------
IN: 
0x000104d0:  
OBJD-T: 59208e01

----------------
IN: 
0x000104d4:  
OBJD-T: 871f0000950f0c618901810715011100b66001407803

----------------
IN: 
0x000104e6:  
OBJD-T: 014078039651071100001501c10ed61801407403

----------------
IN: 
0x000112c6:  
OBJD-T: 4100a504

----------------
IN: 
0x000112ca:  
OBJD-T: 0030165186f81c06c6104130a504

----------------
IN: 
0x000112d4:  
OBJD-T: 4130a504

----------------
IN: 
0x000104f6:  
OBJD-T: 0140740396518618071100001501c10d0448

----------------
IN: 
0x00010506:  
OBJD-T: 0448862036790008

----------------
IN: 
0x0001050c:  
OBJD-T: 0008b501000556100400

----------------
IN: 
0x00010514:  
OBJD-T: 040035aff10f970f001059208e01871f0000950f1c518901810715011100b678
OBJD-T: 0008

----------------
IN: 
0x0001051e:  
OBJD-T: 59208e01

----------------
IN: 
0x00010522:  
OBJD-T: 871f0000950f1c518901810715011100b6780008

----------------
IN: 
0x00010534:  
OBJD-T: 0008b501000256100400

----------------
IN: 
0x0001053c:  
OBJD-T: 040035aff10f970f001059208e01871f0000950f5c608901810715011100b658
OBJD-T: 0008

----------------
IN: 
0x00010546:  
OBJD-T: 59208e01

----------------
IN: 
0x0001054a:  
OBJD-T: 871f0000950f5c608901810715011100b6580008

----------------
IN: 
0x0001055c:  
OBJD-T: 0008170f00105920c8015920c8015920c8015920c80159a0c8015920c9015920
OBJD-T: c801b50f50032a070610b501a0030400

----------------
IN: 
0x00010562:  
OBJD-T: 5920c801

----------------
IN: 
0x00010566:  
OBJD-T: 5920c8015920c8015920c80159a0c8015920c9015920c801b50f50032a070610
OBJD-T: b501a0030400

----------------
IN: 
0x00010566:  
OBJD-T: 5920c801

----------------
IN: 
0x0001056a:  
OBJD-T: 5920c8015920c80159a0c8015920c9015920c801b50f50032a070610b501a003
OBJD-T: 0400

----------------
IN: 
0x0001056a:  
OBJD-T: 5920c801

----------------
IN: 
0x0001056e:  
OBJD-T: 5920c80159a0c8015920c9015920c801b50f50032a070610b501a0030400

----------------
IN: 
0x0001056e:  
OBJD-T: 5920c801

----------------
IN: 
0x00010572:  
OBJD-T: 59a0c8015920c9015920c801b50f50032a070610b501a0030400

----------------
IN: 
0x00010572:  
OBJD-T: 59a0c801

----------------
IN: 
0x00010576:  
OBJD-T: 5920c9015920c801b50f50032a070610b501a0030400

----------------
IN: 
0x00010576:  
OBJD-T: 5920c901

----------------
IN: 
0x0001057a:  
OBJD-T: 5920c801b50f50032a070610b501a0030400

----------------
IN: 
0x0001057a:  
OBJD-T: 5920c801

----------------
IN: 
0x0001057e:  
OBJD-T: b50f50032a070610b501a0030400

----------------
IN: 
0x00010582:  
OBJD-T: 2a07

----------------
IN: 
0x00010584:  
OBJD-T: 0610b501a0030400

----------------
IN: 
0x0001058a:  
OBJD-T: 040035aff10f970f001059208e01871f0000950f0c618901810715011100b660
OBJD-T: 01c04b03

----------------
IN: 
0x00010594:  
OBJD-T: 59208e01

----------------
IN: 
0x00010598:  
OBJD-T: 871f0000950f0c618901810715011100b66001c04b03

----------------
IN: 
0x000105aa:  
OBJD-T: 01c04b0356504443

----------------
IN: 
0x000112d8:  
OBJD-T: 4100a502

----------------
IN: 
0x000112dc:  
OBJD-T: 0008150130014110a502

----------------
IN: 
0x000112e2:  
OBJD-T: 4110a502

----------------
IN: 
0x000112e6:  
OBJD-T: 22000000

----------------
IN: 
0x000112ea:  
OBJD-T: 4100a502

----------------
IN: 
0x000112ee:  
OBJD-T: 00081501b1004130a502

----------------
IN: 
0x000112f4:  
OBJD-T: 4130a502

----------------
IN: 
0x000105b0:  
OBJD-T: 44438620950fe00136c10008

----------------
IN: 
0x000105ba:  
OBJD-T: 0008b501000556100400

----------------
IN: 
0x000105c2:  
OBJD-T: 040035aff10f970f001059208e01871f0000950f1c518901810715011100b678
OBJD-T: 0008

----------------
IN: 
0x000105cc:  
OBJD-T: 59208e01

----------------
IN: 
0x000105d0:  
OBJD-T: 871f0000950f1c518901810715011100b6780008

----------------
IN: 
0x000105e2:  
OBJD-T: 0008b501000256100400

----------------
IN: 
0x000105ea:  
OBJD-T: 040035aff10f970f001059208e01871f0000950f5c608901810715011100b658
OBJD-T: 0008

----------------
IN: 
0x000105f4:  
OBJD-T: 59208e01

----------------
IN: 
0x000105f8:  
OBJD-T: 871f0000950f5c608901810715011100b6580008

----------------
IN: 
0x0001060a:  
OBJD-T: 0008170f00105920c8015920c8015920c8015920c80159a0c8015920c9015920
OBJD-T: c801b50f60032a070610b501a0030400

----------------
IN: 
0x00010610:  
OBJD-T: 5920c801

----------------
IN: 
0x00010614:  
OBJD-T: 5920c8015920c8015920c80159a0c8015920c9015920c801b50f60032a070610
OBJD-T: b501a0030400

----------------
IN: 
0x00010614:  
OBJD-T: 5920c801

----------------
IN: 
0x00010618:  
OBJD-T: 5920c8015920c80159a0c8015920c9015920c801b50f60032a070610b501a003
OBJD-T: 0400

----------------
IN: 
0x00010618:  
OBJD-T: 5920c801

----------------
IN: 
0x0001061c:  
OBJD-T: 5920c80159a0c8015920c9015920c801b50f60032a070610b501a0030400

----------------
IN: 
0x0001061c:  
OBJD-T: 5920c801

----------------
IN: 
0x00010620:  
OBJD-T: 59a0c8015920c9015920c801b50f60032a070610b501a0030400

----------------
IN: 
0x00010620:  
OBJD-T: 59a0c801

----------------
IN: 
0x00010624:  
OBJD-T: 5920c9015920c801b50f60032a070610b501a0030400

----------------
IN: 
0x00010624:  
OBJD-T: 5920c901

----------------
IN: 
0x00010628:  
OBJD-T: 5920c801b50f60032a070610b501a0030400

----------------
IN: 
0x00010628:  
OBJD-T: 5920c801

----------------
IN: 
0x0001062c:  
OBJD-T: b50f60032a070610b501a0030400

----------------
IN: 
0x00010630:  
OBJD-T: 2a07

----------------
IN: 
0x00010632:  
OBJD-T: 0610b501a0030400

----------------
IN: 
0x00010638:  
OBJD-T: 040035aff10f970f001059208e01871f0000950f0c618901810715011100b660
OBJD-T: 01402803

----------------
IN: 
0x00010642:  
OBJD-T: 59208e01

----------------
IN: 
0x00010646:  
OBJD-T: 871f0000950f0c618901810715011100b66001402803

----------------
IN: 
0x00010658:  
OBJD-T: 014028035650743e

----------------
IN: 
0x000112f8:  
OBJD-T: 4100a502

----------------
IN: 
0x000112fc:  
OBJD-T: 00080e00393a810696104110a502

----------------
IN: 
0x00011306:  
OBJD-T: 4110a502

----------------
IN: 
0x0001130a:  
OBJD-T: 00281c050000

----------------
IN: 
0x0001065e:  
OBJD-T: 743e862056fb36c10008

----------------
IN: 
0x00010666:  
OBJD-T: 0008b501000556100400

----------------
IN: 
0x0001066e:  
OBJD-T: 040035aff10f970f001059208e01871f0000950f1c518901810715011100b678
OBJD-T: 0008

----------------
IN: 
0x00010678:  
OBJD-T: 59208e01

----------------
IN: 
0x0001067c:  
OBJD-T: 871f0000950f1c518901810715011100b6780008

----------------
IN: 
0x0001068e:  
OBJD-T: 0008b501000256100400

----------------
IN: 
0x00010696:  
OBJD-T: 040035aff10f970f001059208e01871f0000950f5c608901810715011100b658
OBJD-T: 0008

----------------
IN: 
0x000106a0:  
OBJD-T: 59208e01

----------------
IN: 
0x000106a4:  
OBJD-T: 871f0000950f5c608901810715011100b6580008

----------------
IN: 
0x000106b6:  
OBJD-T: 0008170f00105920c8015920c8015920c8015920c80159a0c8015920c9015920
OBJD-T: c801b50f70032a070610b501a0030400

----------------
IN: 
0x000106bc:  
OBJD-T: 5920c801

----------------
IN: 
0x000106c0:  
OBJD-T: 5920c8015920c8015920c80159a0c8015920c9015920c801b50f70032a070610
OBJD-T: b501a0030400

----------------
IN: 
0x000106c0:  
OBJD-T: 5920c801

----------------
IN: 
0x000106c4:  
OBJD-T: 5920c8015920c80159a0c8015920c9015920c801b50f70032a070610b501a003
OBJD-T: 0400

----------------
IN: 
0x000106c4:  
OBJD-T: 5920c801

----------------
IN: 
0x000106c8:  
OBJD-T: 5920c80159a0c8015920c9015920c801b50f70032a070610b501a0030400

----------------
IN: 
0x000106c8:  
OBJD-T: 5920c801

----------------
IN: 
0x000106cc:  
OBJD-T: 59a0c8015920c9015920c801b50f70032a070610b501a0030400

----------------
IN: 
0x000106cc:  
OBJD-T: 59a0c801

----------------
IN: 
0x000106d0:  
OBJD-T: 5920c9015920c801b50f70032a070610b501a0030400

----------------
IN: 
0x000106d0:  
OBJD-T: 5920c901

----------------
IN: 
0x000106d4:  
OBJD-T: 5920c801b50f70032a070610b501a0030400

----------------
IN: 
0x000106d4:  
OBJD-T: 5920c801

----------------
IN: 
0x000106d8:  
OBJD-T: b50f70032a070610b501a0030400

----------------
IN: 
0x000106dc:  
OBJD-T: 2a07

----------------
IN: 
0x000106de:  
OBJD-T: 0610b501a0030400

----------------
IN: 
0x000106e4:  
OBJD-T: 040035aff10f970f001059208e01871f0000950f0c618901810715011100b660
OBJD-T: 01400303

----------------
IN: 
0x000106ee:  
OBJD-T: 59208e01

----------------
IN: 
0x000106f2:  
OBJD-T: 871f0000950f0c618901810715011100b66001400303

----------------
IN: 
0x00010704:  
OBJD-T: 0140030316510668161a461301400003

----------------
IN: 
0x00011310:  
OBJD-T: 4100a504

----------------
IN: 
0x00011314:  
OBJD-T: 0030d652070200001502826115713100893f41061c06c6104130a504

----------------
IN: 
0x0001132c:  
OBJD-T: 4130a504

----------------
IN: 
0x00010710:  
OBJD-T: 0140000316518618567086130140fd02

----------------
IN: 
0x0001071c:  
OBJD-T: 0140fd021651861896600613b438

----------------
IN: 
0x00010728:  
OBJD-T: b4388620950f800136c10008

----------------
IN: 
0x00010732:  
OBJD-T: 0008350100050400

----------------
IN: 
0x00010738:  
OBJD-T: 0400352ff10f970f001059208e01871f0000950f1c510901870715071700b67b
OBJD-T: 0008

----------------
IN: 
0x00010742:  
OBJD-T: 59208e01

----------------
IN: 
0x00010746:  
OBJD-T: 871f0000950f1c510901870715071700b67b0008

----------------
IN: 
0x00010758:  
OBJD-T: 0008b501000256100400

----------------
IN: 
0x00010760:  
OBJD-T: 040035aff10f970f001059208e01871f0000950f5c608901810715011100b658
OBJD-T: 0008

----------------
IN: 
0x0001076a:  
OBJD-T: 59208e01

----------------
IN: 
0x0001076e:  
OBJD-T: 871f0000950f5c608901810715011100b6580008

----------------
IN: 
0x00010780:  
OBJD-T: 0008170f00105920c8015920c8015920c8015920c80159a0c8015920c9015920
OBJD-T: c801b50f80032a073501a0030400

----------------
IN: 
0x00010786:  
OBJD-T: 5920c801

----------------
IN: 
0x0001078a:  
OBJD-T: 5920c8015920c8015920c80159a0c8015920c9015920c801b50f80032a073501
OBJD-T: a0030400

----------------
IN: 
0x0001078a:  
OBJD-T: 5920c801

----------------
IN: 
0x0001078e:  
OBJD-T: 5920c8015920c80159a0c8015920c9015920c801b50f80032a073501a0030400

----------------
IN: 
0x0001078e:  
OBJD-T: 5920c801

----------------
IN: 
0x00010792:  
OBJD-T: 5920c80159a0c8015920c9015920c801b50f80032a073501a0030400

----------------
IN: 
0x00010792:  
OBJD-T: 5920c801

----------------
IN: 
0x00010796:  
OBJD-T: 59a0c8015920c9015920c801b50f80032a073501a0030400

----------------
IN: 
0x00010796:  
OBJD-T: 59a0c801

----------------
IN: 
0x0001079a:  
OBJD-T: 5920c9015920c801b50f80032a073501a0030400

----------------
IN: 
0x0001079a:  
OBJD-T: 5920c901

----------------
IN: 
0x0001079e:  
OBJD-T: 5920c801b50f80032a073501a0030400

----------------
IN: 
0x0001079e:  
OBJD-T: 5920c801

----------------
IN: 
0x000107a2:  
OBJD-T: b50f80032a073501a0030400

----------------
IN: 
0x000107a6:  
OBJD-T: 2a07

----------------
IN: 
0x000107a8:  
OBJD-T: 3501a0030400

----------------
IN: 
0x000107ac:  
OBJD-T: 0400352ff10f970f001059208e01871f0000950f0c6109818607958616007663
OBJD-T: 0140d902

----------------
IN: 
0x000107b6:  
OBJD-T: 59208e01

----------------
IN: 
0x000107ba:  
OBJD-T: 871f0000950f0c61098186079586160076630140d902

----------------
IN: 
0x000107cc:  
OBJD-T: 0140d902d650166b46130140df02

----------------
IN: 
0x00011330:  
OBJD-T: 4100a504

----------------
IN: 
0x00011334:  
OBJD-T: b4007500010001400600

----------------
IN: 
0x0001133a:  
OBJD-T: 014006001651d61f050131064130a504

----------------
IN: 
0x00011352:  
OBJD-T: 4100a504

----------------
IN: 
0x00011356:  
OBJD-T: a40086180610e61001c0f4ff

----------------
IN: 
0x0001135e:  
OBJD-T: 01c0f4ff1651d617058121064130a504

----------------
IN: 
0x0001134a:  
OBJD-T: 000856104130a504

----------------
IN: 
0x0001134e:  
OBJD-T: 4130a504

----------------
IN: 
0x0001136a:  
OBJD-T: 4130a504

----------------
IN: 
0x00011346:  
OBJD-T: 4130a504

----------------
IN: 
0x000107d6:  
OBJD-T: 0140df02d650867046139433

----------------
IN: 
0x000107e0:  
OBJD-T: 94330618a61b0434

----------------
IN: 
0x000107e6:  
OBJD-T: 0434b6180008

----------------
IN: 
0x000107ea:  
OBJD-T: 00083502000556100400

----------------
IN: 
0x000107f2:  
OBJD-T: 0400352ff20f970f001059208e01871f0000950f1c510902810715011100b678
OBJD-T: 0008

----------------
IN: 
0x000107fc:  
OBJD-T: 59208e01

----------------
IN: 
0x00010800:  
OBJD-T: 871f0000950f1c510902810715011100b6780008

----------------
IN: 
0x00010812:  
OBJD-T: 00083502000256100400

----------------
IN: 
0x0001081a:  
OBJD-T: 0400352ff20f970f001059208e01871f0000950f5c600902810715011100b658
OBJD-T: 0008

----------------
IN: 
0x00010824:  
OBJD-T: 59208e01

----------------
IN: 
0x00010828:  
OBJD-T: 871f0000950f5c600902810715011100b6580008

----------------
IN: 
0x0001083a:  
OBJD-T: 0008170f00105920c8015920c8015920c8015920c80159a0c8015920c9015920
OBJD-T: c801b50f90032a073501a0030400

----------------
IN: 
0x00010840:  
OBJD-T: 5920c801

----------------
IN: 
0x00010844:  
OBJD-T: 5920c8015920c8015920c80159a0c8015920c9015920c801b50f90032a073501
OBJD-T: a0030400

----------------
IN: 
0x00010844:  
OBJD-T: 5920c801

----------------
IN: 
0x00010848:  
OBJD-T: 5920c8015920c80159a0c8015920c9015920c801b50f90032a073501a0030400

----------------
IN: 
0x00010848:  
OBJD-T: 5920c801

----------------
IN: 
0x0001084c:  
OBJD-T: 5920c80159a0c8015920c9015920c801b50f90032a073501a0030400

----------------
IN: 
0x0001084c:  
OBJD-T: 5920c801

----------------
IN: 
0x00010850:  
OBJD-T: 59a0c8015920c9015920c801b50f90032a073501a0030400

----------------
IN: 
0x00010850:  
OBJD-T: 59a0c801

----------------
IN: 
0x00010854:  
OBJD-T: 5920c9015920c801b50f90032a073501a0030400

----------------
IN: 
0x00010854:  
OBJD-T: 5920c901

----------------
IN: 
0x00010858:  
OBJD-T: 5920c801b50f90032a073501a0030400

----------------
IN: 
0x00010858:  
OBJD-T: 5920c801

----------------
IN: 
0x0001085c:  
OBJD-T: b50f90032a073501a0030400

----------------
IN: 
0x00010860:  
OBJD-T: 2a07

----------------
IN: 
0x00010862:  
OBJD-T: 3501a0030400

----------------
IN: 
0x00010866:  
OBJD-T: 0400352ff10f970f001059208e01871f0000950f0c610981810795811100f660
OBJD-T: 01c09c02

----------------
IN: 
0x00010870:  
OBJD-T: 59208e01

----------------
IN: 
0x00010874:  
OBJD-T: 871f0000950f0c610981810795811100f66001c09c02

----------------
IN: 
0x00010886:  
OBJD-T: 01c09c021652071100001501c10e0e00e930c176042f

----------------
IN: 
0x0001089a:  
OBJD-T: 042f862056fa36c10008

----------------
IN: 
0x000108a2:  
OBJD-T: 0008871f0000950fac2e0e00e9304c75b501000556100400

----------------
IN: 
0x000108b8:  
OBJD-T: 040035aff10f970f001059208e01871f0000950f1c518901810715011100b678
OBJD-T: 0008

----------------
IN: 
0x000108c2:  
OBJD-T: 59208e01

----------------
IN: 
0x000108c6:  
OBJD-T: 871f0000950f1c518901810715011100b6780008

----------------
IN: 
0x000108d8:  
OBJD-T: 0008b501000256100400

----------------
IN: 
0x000108e0:  
OBJD-T: 040035aff10f970f001059208e01871f0000950f5c608901810715011100b658
OBJD-T: 0008

----------------
IN: 
0x000108ea:  
OBJD-T: 59208e01

----------------
IN: 
0x000108ee:  
OBJD-T: 871f0000950f5c608901810715011100b6580008

----------------
IN: 
0x00010900:  
OBJD-T: 0008170f00105920c8015920c8015920c8015920c80159a0c8015920c9015920
OBJD-T: c801b50f10042a070610b501a0030400

----------------
IN: 
0x00010906:  
OBJD-T: 5920c801

----------------
IN: 
0x0001090a:  
OBJD-T: 5920c8015920c8015920c80159a0c8015920c9015920c801b50f10042a070610
OBJD-T: b501a0030400

----------------
IN: 
0x0001090a:  
OBJD-T: 5920c801

----------------
IN: 
0x0001090e:  
OBJD-T: 5920c8015920c80159a0c8015920c9015920c801b50f10042a070610b501a003
OBJD-T: 0400

----------------
IN: 
0x0001090e:  
OBJD-T: 5920c801

----------------
IN: 
0x00010912:  
OBJD-T: 5920c80159a0c8015920c9015920c801b50f10042a070610b501a0030400

----------------
IN: 
0x00010912:  
OBJD-T: 5920c801

----------------
IN: 
0x00010916:  
OBJD-T: 59a0c8015920c9015920c801b50f10042a070610b501a0030400

----------------
IN: 
0x00010916:  
OBJD-T: 59a0c801

----------------
IN: 
0x0001091a:  
OBJD-T: 5920c9015920c801b50f10042a070610b501a0030400

----------------
IN: 
0x0001091a:  
OBJD-T: 5920c901

----------------
IN: 
0x0001091e:  
OBJD-T: 5920c801b50f10042a070610b501a0030400

----------------
IN: 
0x0001091e:  
OBJD-T: 5920c801

----------------
IN: 
0x00010922:  
OBJD-T: b50f10042a070610b501a0030400

----------------
IN: 
0x00010926:  
OBJD-T: 2a07

----------------
IN: 
0x00010928:  
OBJD-T: 0610b501a0030400

----------------
IN: 
0x0001092e:  
OBJD-T: 040035aff10f970f001059208e01871f0000950f0c618901810715011100b660
OBJD-T: 01408802

----------------
IN: 
0x00010938:  
OBJD-T: 59208e01

----------------
IN: 
0x0001093c:  
OBJD-T: 871f0000950f0c618901810715011100b66001408802

----------------
IN: 
0x0001094e:  
OBJD-T: 014088025650c429

----------------
IN: 
0x0001136e:  
OBJD-T: 4100c518

----------------
IN: 
0x00011372:  
OBJD-T: 01c01a0007d50200d6125930111016135930110e56135930110c96135930110a
OBJD-T: d613593011081501000159301106150110015930110419b1800099b1700099b1
OBJD-T: 600099b5500099b1400019b6300099b1200099b12000050131061501a1000008

----------------
IN: 
0x000113dc:  
OBJD-T: 4100a502

----------------
IN: 
0x000113e0:  
OBJD-T: 0008150151004130a502

----------------
IN: 
0x000113e6:  
OBJD-T: 4130a502

----------------
IN: 
0x000113d0:  
OBJD-T: 0008085b05012c064130c518

----------------
IN: 
0x000113d8:  
OBJD-T: 4130c518

----------------
IN: 
0x00010954:  
OBJD-T: c4298620950f900436c10008

----------------
IN: 
0x0001095e:  
OBJD-T: 0008b501000556100400

----------------
IN: 
0x00010966:  
OBJD-T: 040035aff10f970f001059208e01871f0000950f1c518901810715011100b678
OBJD-T: 0008

----------------
IN: 
0x00010970:  
OBJD-T: 59208e01

----------------
IN: 
0x00010974:  
OBJD-T: 871f0000950f1c518901810715011100b6780008

----------------
IN: 
0x00010986:  
OBJD-T: 0008b501000256100400

----------------
IN: 
0x0001098e:  
OBJD-T: 040035aff10f970f001059208e01871f0000950f5c608901810715011100b658
OBJD-T: 0008

----------------
IN: 
0x00010998:  
OBJD-T: 59208e01

----------------
IN: 
0x0001099c:  
OBJD-T: 871f0000950f5c608901810715011100b6580008

----------------
IN: 
0x000109ae:  
OBJD-T: 0008170f00105920c8015920c8015920c8015920c80159a0c8015920c9015920
OBJD-T: c801b50f20042a070610b501a0030400

----------------
IN: 
0x000109b4:  
OBJD-T: 5920c801

----------------
IN: 
0x000109b8:  
OBJD-T: 5920c8015920c8015920c80159a0c8015920c9015920c801b50f20042a070610
OBJD-T: b501a0030400

----------------
IN: 
0x000109b8:  
OBJD-T: 5920c801

----------------
IN: 
0x000109bc:  
OBJD-T: 5920c8015920c80159a0c8015920c9015920c801b50f20042a070610b501a003
OBJD-T: 0400

----------------
IN: 
0x000109bc:  
OBJD-T: 5920c801

----------------
IN: 
0x000109c0:  
OBJD-T: 5920c80159a0c8015920c9015920c801b50f20042a070610b501a0030400

----------------
IN: 
0x000109c0:  
OBJD-T: 5920c801

----------------
IN: 
0x000109c4:  
OBJD-T: 59a0c8015920c9015920c801b50f20042a070610b501a0030400

----------------
IN: 
0x000109c4:  
OBJD-T: 59a0c801

----------------
IN: 
0x000109c8:  
OBJD-T: 5920c9015920c801b50f20042a070610b501a0030400

----------------
IN: 
0x000109c8:  
OBJD-T: 5920c901

----------------
IN: 
0x000109cc:  
OBJD-T: 5920c801b50f20042a070610b501a0030400

----------------
IN: 
0x000109cc:  
OBJD-T: 5920c801

----------------
IN: 
0x000109d0:  
OBJD-T: b50f20042a070610b501a0030400

----------------
IN: 
0x000109d4:  
OBJD-T: 2a07

----------------
IN: 
0x000109d6:  
OBJD-T: 0610b501a0030400

----------------
IN: 
0x000109dc:  
OBJD-T: 040035aff10f970f001059208e01871f0000950f0c618901810715011100b660
OBJD-T: 0e0001407c02

----------------
IN: 
0x000109e6:  
OBJD-T: 59208e01

----------------
IN: 
0x000109ea:  
OBJD-T: 871f0000950f0c618901810715011100b6600e0001407c02

----------------
IN: 
0x000109fc:  
OBJD-T: 0e0001407c02d65006684613c424

----------------
IN: 
0x000113ec:  
OBJD-T: 4100a504

----------------
IN: 
0x000113f0:  
OBJD-T: 861a070200001502624059301202150110014130a504

----------------
IN: 
0x00011402:  
OBJD-T: 4130a504

----------------
IN: 
0x00011406:  
OBJD-T: 003815012002dc000000

----------------
IN: 
0x00010a08:  
OBJD-T: c4248620950f200236c10008

----------------
IN: 
0x00010a12:  
OBJD-T: 0008b501000556100400

----------------
IN: 
0x00010a1a:  
OBJD-T: 040035aff10f970f001059208e01871f0000950f1c518901810715011100b678
OBJD-T: 0008

----------------
IN: 
0x00010a24:  
OBJD-T: 59208e01

----------------
IN: 
0x00010a28:  
OBJD-T: 871f0000950f1c518901810715011100b6780008

----------------
IN: 
0x00010a3a:  
OBJD-T: 0008b501000256100400

----------------
IN: 
0x00010a42:  
OBJD-T: 040035aff10f970f001059208e01871f0000950f5c608901810715011100b658
OBJD-T: 0008

----------------
IN: 
0x00010a4c:  
OBJD-T: 59208e01

----------------
IN: 
0x00010a50:  
OBJD-T: 871f0000950f5c608901810715011100b6580008

----------------
IN: 
0x00010a62:  
OBJD-T: 0008170f00105920c8015920c8015920c8015920c80159a0c8015920c9015920
OBJD-T: c801b50f30042a073501a0030400

----------------
IN: 
0x00010a68:  
OBJD-T: 5920c801

----------------
IN: 
0x00010a6c:  
OBJD-T: 5920c8015920c8015920c80159a0c8015920c9015920c801b50f30042a073501
OBJD-T: a0030400

----------------
IN: 
0x00010a6c:  
OBJD-T: 5920c801

----------------
IN: 
0x00010a70:  
OBJD-T: 5920c8015920c80159a0c8015920c9015920c801b50f30042a073501a0030400

----------------
IN: 
0x00010a70:  
OBJD-T: 5920c801

----------------
IN: 
0x00010a74:  
OBJD-T: 5920c80159a0c8015920c9015920c801b50f30042a073501a0030400

----------------
IN: 
0x00010a74:  
OBJD-T: 5920c801

----------------
IN: 
0x00010a78:  
OBJD-T: 59a0c8015920c9015920c801b50f30042a073501a0030400

----------------
IN: 
0x00010a78:  
OBJD-T: 59a0c801

----------------
IN: 
0x00010a7c:  
OBJD-T: 5920c9015920c801b50f30042a073501a0030400

----------------
IN: 
0x00010a7c:  
OBJD-T: 5920c901

----------------
IN: 
0x00010a80:  
OBJD-T: 5920c801b50f30042a073501a0030400

----------------
IN: 
0x00010a80:  
OBJD-T: 5920c801

----------------
IN: 
0x00010a84:  
OBJD-T: b50f30042a073501a0030400

----------------
IN: 
0x00010a88:  
OBJD-T: 2a07

----------------
IN: 
0x00010a8a:  
OBJD-T: 3501a0030400

----------------
IN: 
0x00010a8e:  
OBJD-T: 0400352ff10f970f001059208e01871f0000950f0c6109818607958616007663
OBJD-T: 0e0001c05802

----------------
IN: 
0x00010a98:  
OBJD-T: 59208e01

----------------
IN: 
0x00010a9c:  
OBJD-T: 871f0000950f0c61098186079586160076630e0001c05802

----------------
IN: 
0x00010aae:  
OBJD-T: 0e0001c05802d65006684613d41f

----------------
IN: 
0x00011410:  
OBJD-T: 4100a504

----------------
IN: 
0x00011414:  
OBJD-T: 861a070200001502a24259301202150130034120a504

----------------
IN: 
0x00011426:  
OBJD-T: 4120a504

----------------
IN: 
0x00010aba:  
OBJD-T: d41f8620950f300336c10008

----------------
IN: 
0x00010ac4:  
OBJD-T: 0008b501000556100400

----------------
IN: 
0x00010acc:  
OBJD-T: 040035aff10f970f001059208e01871f0000950f1c518901810715011100b678
OBJD-T: 0008

----------------
IN: 
0x00010ad6:  
OBJD-T: 59208e01

----------------
IN: 
0x00010ada:  
OBJD-T: 871f0000950f1c518901810715011100b6780008

----------------
IN: 
0x00010aec:  
OBJD-T: 0008b501000256100400

----------------
IN: 
0x00010af4:  
OBJD-T: 040035aff10f970f001059208e01871f0000950f5c608901810715011100b658
OBJD-T: 0008

----------------
IN: 
0x00010afe:  
OBJD-T: 59208e01

----------------
IN: 
0x00010b02:  
OBJD-T: 871f0000950f5c608901810715011100b6580008

----------------
IN: 
0x00010b14:  
OBJD-T: 0008170f00105920c8015920c8015920c8015920c80159a0c8015920c9015920
OBJD-T: c801b50f40042a073501a0030400

----------------
IN: 
0x00010b1a:  
OBJD-T: 5920c801

----------------
IN: 
0x00010b1e:  
OBJD-T: 5920c8015920c8015920c80159a0c8015920c9015920c801b50f40042a073501
OBJD-T: a0030400

----------------
IN: 
0x00010b1e:  
OBJD-T: 5920c801

----------------
IN: 
0x00010b22:  
OBJD-T: 5920c8015920c80159a0c8015920c9015920c801b50f40042a073501a0030400

----------------
IN: 
0x00010b22:  
OBJD-T: 5920c801

----------------
IN: 
0x00010b26:  
OBJD-T: 5920c80159a0c8015920c9015920c801b50f40042a073501a0030400

----------------
IN: 
0x00010b26:  
OBJD-T: 5920c801

----------------
IN: 
0x00010b2a:  
OBJD-T: 59a0c8015920c9015920c801b50f40042a073501a0030400

----------------
IN: 
0x00010b2a:  
OBJD-T: 59a0c801

----------------
IN: 
0x00010b2e:  
OBJD-T: 5920c9015920c801b50f40042a073501a0030400

----------------
IN: 
0x00010b2e:  
OBJD-T: 5920c901

----------------
IN: 
0x00010b32:  
OBJD-T: 5920c801b50f40042a073501a0030400

----------------
IN: 
0x00010b32:  
OBJD-T: 5920c801

----------------
IN: 
0x00010b36:  
OBJD-T: b50f40042a073501a0030400

----------------
IN: 
0x00010b3a:  
OBJD-T: 2a07

----------------
IN: 
0x00010b3c:  
OBJD-T: 3501a0030400

----------------
IN: 
0x00010b40:  
OBJD-T: 0400352ff10f970f001059208e01871f0000950f0c6109818607958616007663
OBJD-T: 0e0001403502

----------------
IN: 
0x00010b4a:  
OBJD-T: 59208e01

----------------
IN: 
0x00010b4e:  
OBJD-T: 871f0000950f0c61098186079586160076630e0001403502

----------------
IN: 
0x00010b60:  
OBJD-T: 0e000140350256510e00974623014613c41a

----------------
IN: 
0x00011434:  
OBJD-T: 00380000

----------------
IN: 
0x00010b70:  
OBJD-T: c41a862036690008

----------------
IN: 
0x00010b76:  
OBJD-T: 0008b501000556100400

----------------
IN: 
0x00010b7e:  
OBJD-T: 040035aff10f970f001059208e01871f0000950f1c518901810715011100b678
OBJD-T: 0008

----------------
IN: 
0x00010b88:  
OBJD-T: 59208e01

----------------
IN: 
0x00010b8c:  
OBJD-T: 871f0000950f1c518901810715011100b6780008

----------------
IN: 
0x00010b9e:  
OBJD-T: 0008b501000256100400

----------------
IN: 
0x00010ba6:  
OBJD-T: 040035aff10f970f001059208e01871f0000950f5c608901810715011100b658
OBJD-T: 0008

----------------
IN: 
0x00010bb0:  
OBJD-T: 59208e01

----------------
IN: 
0x00010bb4:  
OBJD-T: 871f0000950f5c608901810715011100b6580008

----------------
IN: 
0x00010bc6:  
OBJD-T: 0008170f00105920c8015920c8015920c8015920c80159a0c8015920c9015920
OBJD-T: c801b50f50042a070610b501a0030400

----------------
IN: 
0x00010bcc:  
OBJD-T: 5920c801

----------------
IN: 
0x00010bd0:  
OBJD-T: 5920c8015920c8015920c80159a0c8015920c9015920c801b50f50042a070610
OBJD-T: b501a0030400

----------------
IN: 
0x00010bd0:  
OBJD-T: 5920c801

----------------
IN: 
0x00010bd4:  
OBJD-T: 5920c8015920c80159a0c8015920c9015920c801b50f50042a070610b501a003
OBJD-T: 0400

----------------
IN: 
0x00010bd4:  
OBJD-T: 5920c801

----------------
IN: 
0x00010bd8:  
OBJD-T: 5920c80159a0c8015920c9015920c801b50f50042a070610b501a0030400

----------------
IN: 
0x00010bd8:  
OBJD-T: 5920c801

----------------
IN: 
0x00010bdc:  
OBJD-T: 59a0c8015920c9015920c801b50f50042a070610b501a0030400

----------------
IN: 
0x00010bdc:  
OBJD-T: 59a0c801

----------------
IN: 
0x00010be0:  
OBJD-T: 5920c9015920c801b50f50042a070610b501a0030400

----------------
IN: 
0x00010be0:  
OBJD-T: 5920c901

----------------
IN: 
0x00010be4:  
OBJD-T: 5920c801b50f50042a070610b501a0030400

----------------
IN: 
0x00010be4:  
OBJD-T: 5920c801

----------------
IN: 
0x00010be8:  
OBJD-T: b50f50042a070610b501a0030400

----------------
IN: 
0x00010bec:  
OBJD-T: 2a07

----------------
IN: 
0x00010bee:  
OBJD-T: 0610b501a0030400

----------------
IN: 
0x00010bf4:  
OBJD-T: 040035aff10f970f001059208e01871f0000950f0c618901810715011100b660
OBJD-T: 0e0001c00b02

----------------
IN: 
0x00010bfe:  
OBJD-T: 59208e01

----------------
IN: 
0x00010c02:  
OBJD-T: 871f0000950f0c618901810715011100b6600e0001c00b02

----------------
IN: 
0x00010c14:  
OBJD-T: 0e0001c00b02d65006684613f415

----------------
IN: 
0x00011442:  
OBJD-T: 4400650000060038

----------------
IN: 
0x0001144a:  
OBJD-T: 37800100

----------------
IN: 
0x00011450:  
OBJD-T: 0038150160069c020000

----------------
IN: 
0x00010c20:  
OBJD-T: f4158620950f600636c10008

----------------
IN: 
0x00010c2a:  
OBJD-T: 0008b501000556100400

----------------
IN: 
0x00010c32:  
OBJD-T: 040035aff10f970f001059208e01871f0000950f1c518901810715011100b678
OBJD-T: 0008

----------------
IN: 
0x00010c3c:  
OBJD-T: 59208e01

----------------
IN: 
0x00010c40:  
OBJD-T: 871f0000950f1c518901810715011100b6780008

----------------
IN: 
0x00010c52:  
OBJD-T: 0008b501000256100400

----------------
IN: 
0x00010c5a:  
OBJD-T: 040035aff10f970f001059208e01871f0000950f5c608901810715011100b658
OBJD-T: 0008

----------------
IN: 
0x00010c64:  
OBJD-T: 59208e01

----------------
IN: 
0x00010c68:  
OBJD-T: 871f0000950f5c608901810715011100b6580008

----------------
IN: 
0x00010c7a:  
OBJD-T: 0008170f00105920c8015920c8015920c8015920c80159a0c8015920c9015920
OBJD-T: c801b50f60042a073501a0030400

----------------
IN: 
0x00010c80:  
OBJD-T: 5920c801

----------------
IN: 
0x00010c84:  
OBJD-T: 5920c8015920c8015920c80159a0c8015920c9015920c801b50f60042a073501
OBJD-T: a0030400

----------------
IN: 
0x00010c84:  
OBJD-T: 5920c801

----------------
IN: 
0x00010c88:  
OBJD-T: 5920c8015920c80159a0c8015920c9015920c801b50f60042a073501a0030400

----------------
IN: 
0x00010c88:  
OBJD-T: 5920c801

----------------
IN: 
0x00010c8c:  
OBJD-T: 5920c80159a0c8015920c9015920c801b50f60042a073501a0030400

----------------
IN: 
0x00010c8c:  
OBJD-T: 5920c801

----------------
IN: 
0x00010c90:  
OBJD-T: 59a0c8015920c9015920c801b50f60042a073501a0030400

----------------
IN: 
0x00010c90:  
OBJD-T: 59a0c801

----------------
IN: 
0x00010c94:  
OBJD-T: 5920c9015920c801b50f60042a073501a0030400

----------------
IN: 
0x00010c94:  
OBJD-T: 5920c901

----------------
IN: 
0x00010c98:  
OBJD-T: 5920c801b50f60042a073501a0030400

----------------
IN: 
0x00010c98:  
OBJD-T: 5920c801

----------------
IN: 
0x00010c9c:  
OBJD-T: b50f60042a073501a0030400

----------------
IN: 
0x00010ca0:  
OBJD-T: 2a07

----------------
IN: 
0x00010ca2:  
OBJD-T: 3501a0030400

----------------
IN: 
0x00010ca6:  
OBJD-T: 0400352ff10f970f001059208e01871f0000950f0c6109818607958616007663
OBJD-T: 0e000140e501

----------------
IN: 
0x00010cb0:  
OBJD-T: 59208e01

----------------
IN: 
0x00010cb4:  
OBJD-T: 871f0000950f0c61098186079586160076630e000140e501

----------------
IN: 
0x00010cc6:  
OBJD-T: 0e000140e50116519506500546130e000140e801

----------------
IN: 
0x0001145a:  
OBJD-T: 8400650000060038

----------------
IN: 
0x0001146a:  
OBJD-T: 0038150160069c020000

----------------
IN: 
0x00010cd4:  
OBJD-T: 0e000140e801d650867046139410

----------------
IN: 
0x00011474:  
OBJD-T: 8400651000060038

----------------
IN: 
0x0001147a:  
OBJD-T: 0038150150059c020000

----------------
IN: 
0x00010ce0:  
OBJD-T: 94100532e1460e00975f650636c10008

----------------
IN: 
0x00010cee:  
OBJD-T: 0008b501000556100400

----------------
IN: 
0x00010cf6:  
OBJD-T: 040035aff10f970f001059208e01871f0000950f1c518901810715011100b678
OBJD-T: 0008

----------------
IN: 
0x00010d00:  
OBJD-T: 59208e01

----------------
IN: 
0x00010d04:  
OBJD-T: 871f0000950f1c518901810715011100b6780008

----------------
IN: 
0x00010d16:  
OBJD-T: 0008b501000256100400

----------------
IN: 
0x00010d1e:  
OBJD-T: 040035aff10f970f001059208e01871f0000950f5c608901810715011100b658
OBJD-T: 0008

----------------
IN: 
0x00010d28:  
OBJD-T: 59208e01

----------------
IN: 
0x00010d2c:  
OBJD-T: 871f0000950f5c608901810715011100b6580008

----------------
IN: 
0x00010d3e:  
OBJD-T: 0008970f00105920880159208801592088015920880159a088015920890159a0
OBJD-T: 8801592088010610b501a0030400

----------------
IN: 
0x00010d44:  
OBJD-T: 59208801

----------------
IN: 
0x00010d48:  
OBJD-T: 59208801592088015920880159a088015920890159a08801592088010610b501
OBJD-T: a0030400

----------------
IN: 
0x00010d48:  
OBJD-T: 59208801

----------------
IN: 
0x00010d4c:  
OBJD-T: 592088015920880159a088015920890159a08801592088010610b501a0030400

----------------
IN: 
0x00010d4c:  
OBJD-T: 59208801

----------------
IN: 
0x00010d50:  
OBJD-T: 5920880159a088015920890159a08801592088010610b501a0030400

----------------
IN: 
0x00010d50:  
OBJD-T: 59208801

----------------
IN: 
0x00010d54:  
OBJD-T: 59a088015920890159a08801592088010610b501a0030400

----------------
IN: 
0x00010d54:  
OBJD-T: 59a08801

----------------
IN: 
0x00010d58:  
OBJD-T: 5920890159a08801592088010610b501a0030400

----------------
IN: 
0x00010d58:  
OBJD-T: 59208901

----------------
IN: 
0x00010d5c:  
OBJD-T: 59a08801592088010610b501a0030400

----------------
IN: 
0x00010d5c:  
OBJD-T: 59a08801

----------------
IN: 
0x00010d60:  
OBJD-T: 592088010610b501a0030400

----------------
IN: 
0x00010d60:  
OBJD-T: 59208801

----------------
IN: 
0x00010d64:  
OBJD-T: 0610b501a0030400

----------------
IN: 
0x00010d6a:  
OBJD-T: 040035aff10f970f001059208e01871f0000950f0c618901810715011100b660
OBJD-T: 0e000140c101

----------------
IN: 
0x00010d74:  
OBJD-T: 59208e01

----------------
IN: 
0x00010d78:  
OBJD-T: 871f0000950f0c618901810715011100b6600e000140c101

----------------
IN: 
0x00010d8a:  
OBJD-T: 0e000140c101d65015011001940b

----------------
IN: 
0x0001148e:  
OBJD-T: 4100a504

----------------
IN: 
0x00011492:  
OBJD-T: 37000300

----------------
IN: 
0x0001149e:  
OBJD-T: 3200150170074130a504

----------------
IN: 
0x000114a4:  
OBJD-T: 4130a504

----------------
IN: 
0x00010d96:  
OBJD-T: 940b8620950f700736c10008

----------------
IN: 
0x00010da0:  
OBJD-T: 0008b501000556100400

----------------
IN: 
0x00010da8:  
OBJD-T: 040035aff10f970f001059208e01871f0000950f1c518901810715011100b678
OBJD-T: 41302515

----------------
IN: 
0x00010db2:  
OBJD-T: 59208e01

----------------
IN: 
0x00010db6:  
OBJD-T: 871f0000950f1c518901810715011100b67841302515

----------------
IN: 
0x00010dc8:  
OBJD-T: 41302515

----------------
IN: 
0x0001001a:  
OBJD-T: 014025009651071100009505b153c61201402100

----------------
IN: 
0x0001002a:  
OBJD-T: 014021009651071100001506814a061301401d00

----------------
IN: 
0x0001003a:  
OBJD-T: 01401d005651071100001501515401c01900

----------------
IN: 
0x00010048:  
OBJD-T: 01c019009650061301c01700

----------------
IN: 
0x00010050:  
OBJD-T: 01c017009650c61201c01500

----------------
IN: 
0x00010058:  
OBJD-T: 01c015005651071100001501c14d01401200

----------------
IN: 
0x00010066:  
OBJD-T: 014012009650c61201401000

----------------
IN: 
0x0001006e:  
OBJD-T: 014010005651071100001501e15c01c00c00

----------------
IN: 
0x0001007c:  
OBJD-T: 01c00c005651071100001501b15901400900

----------------
IN: 
0x0001008a:  
OBJD-T: 014009009650c6120008

----------------
IN: 
0x00010092:  
OBJD-T: 000801100000

----------------
IN: 
0x00010094:  
OBJD-T: 01100000179f0010975f0000950f5c552a0701000000

----------------
IN: 
0x000100a4:  
OBJD-T: 2a07

----------------
IN: 
0x000100a6:  
OBJD-T: 01000000

----------------
IN: 
0x000100aa:  
OBJD-T: 02000000

